#
# There is insufficient memory for the Java Runtime Environment to continue.
# Native memory allocation (malloc) failed to allocate 975376 bytes for Chunk::new
# Possible reasons:
#   The system is out of physical RAM or swap space
#   The process is running with CompressedOops enabled, and the Java Heap may be blocking the growth of the native heap
# Possible solutions:
#   Reduce memory load on the system
#   Increase physical memory or swap space
#   Check if swap backing store is full
#   Decrease Java heap size (-Xmx/-Xms)
#   Decrease number of Java threads
#   Decrease Java thread stack sizes (-Xss)
#   Set larger code cache with -XX:ReservedCodeCacheSize=
#   JVM is running with Unscaled Compressed Oops mode in which the Java heap is
#     placed in the first 4GB address space. The Java Heap base address is the
#     maximum limit for the native heap growth. Please use -XX:HeapBaseMinAddress
#     to set the Java Heap base and to place the Java Heap above 4GB virtual address.
# This output file may be truncated or incomplete.
#
#  Out of Memory Error (src/hotspot/share/memory/arena.cpp:197), pid=15216, tid=2268
#
# JRE version: OpenJDK Runtime Environment (11.0.15) (build 11.0.15+0-b2043.56-9505619)
# Java VM: OpenJDK 64-Bit Server VM (11.0.15+0-b2043.56-9505619, mixed mode, tiered, compressed oops, g1 gc, windows-amd64)
# No core dump will be written. Minidumps are not enabled by default on client versions of Windows
#

---------------  S U M M A R Y ------------

Command Line: --add-opens=java.base/java.util=ALL-UNNAMED --add-opens=java.base/java.lang=ALL-UNNAMED --add-opens=java.base/java.lang.invoke=ALL-UNNAMED --add-opens=java.base/java.util=ALL-UNNAMED --add-opens=java.prefs/java.util.prefs=ALL-UNNAMED --add-opens=java.prefs/java.util.prefs=ALL-UNNAMED --add-opens=java.base/java.nio.charset=ALL-UNNAMED --add-opens=java.base/java.net=ALL-UNNAMED --add-opens=java.base/java.util.concurrent.atomic=ALL-UNNAMED -Xmx2048m -Dfile.encoding=UTF-8 -Duser.country=ID -Duser.language=en -Duser.variant org.gradle.launcher.daemon.bootstrap.GradleDaemon 7.5

Host: Intel(R) Core(TM) i7-10700F CPU @ 2.90GHz, 16 cores, 15G,  Windows 10 , 64 bit Build 19041 (10.0.19041.5198)
Time: Wed Feb 12 12:49:44 2025 SE Asia Standard Time elapsed time: 1.715349 seconds (0d 0h 0m 1s)

---------------  T H R E A D  ---------------

Current thread (0x000001e33afcf800):  JavaThread "C2 CompilerThread1" daemon [_thread_in_native, id=2268, stack(0x000000d9cc100000,0x000000d9cc200000)]


Current CompileTask:
C2:   1715 2414   !   4       java.net.URLClassLoader$1::run (81 bytes)

Stack: [0x000000d9cc100000,0x000000d9cc200000]
Native frames: (J=compiled Java code, j=interpreted, Vv=VM code, C=native code)
V  [jvm.dll+0x64135a]
V  [jvm.dll+0x7d39f9]
V  [jvm.dll+0x7d51b9]
V  [jvm.dll+0x7d58a3]
V  [jvm.dll+0x2691c5]
V  [jvm.dll+0xc1a5c]
V  [jvm.dll+0xc200c]
V  [jvm.dll+0x2da2c2]
V  [jvm.dll+0x54cad9]
V  [jvm.dll+0x22a011]
V  [jvm.dll+0x223809]
V  [jvm.dll+0x220384]
V  [jvm.dll+0x19e851]
V  [jvm.dll+0x230479]
V  [jvm.dll+0x22e5ef]
V  [jvm.dll+0x794de1]
V  [jvm.dll+0x78dc24]
V  [jvm.dll+0x6400f6]
C  [ucrtbase.dll+0x21bb2]
C  [KERNEL32.DLL+0x17374]
C  [ntdll.dll+0x4cc91]


---------------  P R O C E S S  ---------------

Threads class SMR info:
_java_thread_list=0x000001e33a1a9210, length=28, elements={
0x000001e31d55a000, 0x000001e338e18000, 0x000001e338e19000, 0x000001e338e71800,
0x000001e338e74800, 0x000001e338e7a000, 0x000001e338e81000, 0x000001e338e8c000,
0x000001e338e92800, 0x000001e3385b5800, 0x000001e338e77000, 0x000001e33a0f9800,
0x000001e3398a3000, 0x000001e338e7c800, 0x000001e338e7b800, 0x000001e338e7d800,
0x000001e338e77800, 0x000001e338e7b000, 0x000001e338e78800, 0x000001e338e79800,
0x000001e33bf01800, 0x000001e33befe000, 0x000001e33bf02800, 0x000001e33afcf800,
0x000001e33bf00800, 0x000001e33befc800, 0x000001e33bf03000, 0x000001e33b6e0000
}

Java Threads: ( => current thread )
  0x000001e31d55a000 JavaThread "main" [_thread_blocked, id=33124, stack(0x000000d9c9e00000,0x000000d9c9f00000)]
  0x000001e338e18000 JavaThread "Reference Handler" daemon [_thread_blocked, id=26868, stack(0x000000d9ca500000,0x000000d9ca600000)]
  0x000001e338e19000 JavaThread "Finalizer" daemon [_thread_blocked, id=27968, stack(0x000000d9ca600000,0x000000d9ca700000)]
  0x000001e338e71800 JavaThread "Signal Dispatcher" daemon [_thread_blocked, id=18828, stack(0x000000d9ca700000,0x000000d9ca800000)]
  0x000001e338e74800 JavaThread "Attach Listener" daemon [_thread_blocked, id=1096, stack(0x000000d9ca800000,0x000000d9ca900000)]
  0x000001e338e7a000 JavaThread "Service Thread" daemon [_thread_blocked, id=26128, stack(0x000000d9ca900000,0x000000d9caa00000)]
  0x000001e338e81000 JavaThread "C2 CompilerThread0" daemon [_thread_in_native, id=10864, stack(0x000000d9caa00000,0x000000d9cab00000)]
  0x000001e338e8c000 JavaThread "C1 CompilerThread0" daemon [_thread_blocked, id=27560, stack(0x000000d9cab00000,0x000000d9cac00000)]
  0x000001e338e92800 JavaThread "Sweeper thread" daemon [_thread_blocked, id=28120, stack(0x000000d9cac00000,0x000000d9cad00000)]
  0x000001e3385b5800 JavaThread "C1 CompilerThread1" daemon [_thread_blocked, id=10740, stack(0x000000d9cad00000,0x000000d9cae00000)]
  0x000001e338e77000 JavaThread "Common-Cleaner" daemon [_thread_blocked, id=25640, stack(0x000000d9cae00000,0x000000d9caf00000)]
  0x000001e33a0f9800 JavaThread "C1 CompilerThread2" daemon [_thread_blocked, id=24992, stack(0x000000d9cb200000,0x000000d9cb300000)]
  0x000001e3398a3000 JavaThread "C1 CompilerThread3" daemon [_thread_blocked, id=25124, stack(0x000000d9cb300000,0x000000d9cb400000)]
  0x000001e338e7c800 JavaThread "Daemon health stats" [_thread_blocked, id=28104, stack(0x000000d9cba00000,0x000000d9cbb00000)]
  0x000001e338e7b800 JavaThread "Incoming local TCP Connector on port 49450" [_thread_in_native, id=12592, stack(0x000000d9cb000000,0x000000d9cb100000)]
  0x000001e338e7d800 JavaThread "Daemon periodic checks" [_thread_blocked, id=31820, stack(0x000000d9cb100000,0x000000d9cb200000)]
  0x000001e338e77800 JavaThread "Daemon" [_thread_blocked, id=24440, stack(0x000000d9cb900000,0x000000d9cba00000)]
  0x000001e338e7b000 JavaThread "Handler for socket connection from /127.0.0.1:49450 to /127.0.0.1:49451" [_thread_in_native, id=28800, stack(0x000000d9cbb00000,0x000000d9cbc00000)]
  0x000001e338e78800 JavaThread "Cancel handler" [_thread_blocked, id=1456, stack(0x000000d9cbc00000,0x000000d9cbd00000)]
  0x000001e338e79800 JavaThread "Daemon worker" [_thread_in_Java, id=19180, stack(0x000000d9cbd00000,0x000000d9cbe00000)]
  0x000001e33bf01800 JavaThread "Asynchronous log dispatcher for DefaultDaemonConnection: socket connection from /127.0.0.1:49450 to /127.0.0.1:49451" [_thread_blocked, id=26284, stack(0x000000d9cbe00000,0x000000d9cbf00000)]
  0x000001e33befe000 JavaThread "Stdin handler" [_thread_blocked, id=22684, stack(0x000000d9cbf00000,0x000000d9cc000000)]
  0x000001e33bf02800 JavaThread "Daemon client event forwarder" [_thread_blocked, id=29572, stack(0x000000d9cc000000,0x000000d9cc100000)]
=>0x000001e33afcf800 JavaThread "C2 CompilerThread1" daemon [_thread_in_native, id=2268, stack(0x000000d9cc100000,0x000000d9cc200000)]
  0x000001e33bf00800 JavaThread "Cache worker for journal cache (C:\Users\Saya\.gradle\caches\journal-1)" [_thread_blocked, id=32692, stack(0x000000d9cc200000,0x000000d9cc300000)]
  0x000001e33befc800 JavaThread "File lock request listener" [_thread_in_native, id=30244, stack(0x000000d9cc300000,0x000000d9cc400000)]
  0x000001e33bf03000 JavaThread "Cache worker for file hash cache (C:\Users\Saya\.gradle\caches\7.5\fileHashes)" [_thread_blocked, id=8528, stack(0x000000d9ccd00000,0x000000d9cce00000)]
  0x000001e33b6e0000 JavaThread "C2 CompilerThread2" daemon [_thread_in_native, id=12056, stack(0x000000d9cce00000,0x000000d9ccf00000)]

Other Threads:
  0x000001e338e14800 VMThread "VM Thread" [stack: 0x000000d9ca400000,0x000000d9ca500000] [id=34300]
  0x000001e33908a800 WatcherThread [stack: 0x000000d9caf00000,0x000000d9cb000000] [id=22172]
  0x000001e31d573800 GCTaskThread "GC Thread#0" [stack: 0x000000d9c9f00000,0x000000d9ca000000] [id=6768]
  0x000001e33a211800 GCTaskThread "GC Thread#1" [stack: 0x000000d9cb400000,0x000000d9cb500000] [id=31904]
  0x000001e339abe000 GCTaskThread "GC Thread#2" [stack: 0x000000d9cb500000,0x000000d9cb600000] [id=18944]
  0x000001e339abe800 GCTaskThread "GC Thread#3" [stack: 0x000000d9cb600000,0x000000d9cb700000] [id=32480]
  0x000001e33aa8e000 GCTaskThread "GC Thread#4" [stack: 0x000000d9cb700000,0x000000d9cb800000] [id=14760]
  0x000001e33aa08000 GCTaskThread "GC Thread#5" [stack: 0x000000d9cb800000,0x000000d9cb900000] [id=3532]
  0x000001e33a5b8000 GCTaskThread "GC Thread#6" [stack: 0x000000d9cc400000,0x000000d9cc500000] [id=20608]
  0x000001e33a301000 GCTaskThread "GC Thread#7" [stack: 0x000000d9cc500000,0x000000d9cc600000] [id=32980]
  0x000001e33bb71800 GCTaskThread "GC Thread#8" [stack: 0x000000d9cc600000,0x000000d9cc700000] [id=21292]
  0x000001e33b3e8800 GCTaskThread "GC Thread#9" [stack: 0x000000d9cc700000,0x000000d9cc800000] [id=28448]
  0x000001e33a5a5800 GCTaskThread "GC Thread#10" [stack: 0x000000d9cc800000,0x000000d9cc900000] [id=24768]
  0x000001e33b7c5800 GCTaskThread "GC Thread#11" [stack: 0x000000d9cc900000,0x000000d9cca00000] [id=8324]
  0x000001e33acb7000 GCTaskThread "GC Thread#12" [stack: 0x000000d9cca00000,0x000000d9ccb00000] [id=18756]
  0x000001e31d5a7800 ConcurrentGCThread "G1 Main Marker" [stack: 0x000000d9ca000000,0x000000d9ca100000] [id=21336]
  0x000001e31d5aa000 ConcurrentGCThread "G1 Conc#0" [stack: 0x000000d9ca100000,0x000000d9ca200000] [id=26640]
  0x000001e339e4a000 ConcurrentGCThread "G1 Conc#1" [stack: 0x000000d9ccb00000,0x000000d9ccc00000] [id=25556]
  0x000001e33b1a1000 ConcurrentGCThread "G1 Conc#2" [stack: 0x000000d9ccc00000,0x000000d9ccd00000] [id=24312]
  0x000001e33845e000 ConcurrentGCThread "G1 Refine#0" [stack: 0x000000d9ca200000,0x000000d9ca300000] [id=11596]
  0x000001e33845f000 ConcurrentGCThread "G1 Young RemSet Sampling" [stack: 0x000000d9ca300000,0x000000d9ca400000] [id=8508]

Threads with active compile tasks:
C2 CompilerThread0     1723 2413       4       java.net.URLClassLoader$1::run (5 bytes)
C1 CompilerThread0     1723 2497       3       org.gradle.model.internal.asm.MethodVisitorScope::_ALOAD (8 bytes)
C1 CompilerThread3     1723 2496       3       org.objectweb.asm.Label::resolve (219 bytes)
C2 CompilerThread1     1723 2414   !   4       java.net.URLClassLoader$1::run (81 bytes)
C2 CompilerThread2     1723 2469 %     4       sun.nio.cs.UTF_8$Decoder::decodeArrayLoop @ 73 (691 bytes)

VM state:not at safepoint (normal execution)

VM Mutex/Monitor currently owned by a thread: None

Heap address: 0x0000000080000000, size: 2048 MB, Compressed Oops mode: 32-bit
Narrow klass base: 0x0000000000000000, Narrow klass shift: 3
Compressed class space size: 1073741824 Address: 0x0000000100000000

Heap:
 garbage-first heap   total 260096K, used 38461K [0x0000000080000000, 0x0000000100000000)
  region size 1024K, 23 young (23552K), 2 survivors (2048K)
 Metaspace       used 25812K, capacity 26392K, committed 26544K, reserved 1073152K
  class space    used 3304K, capacity 3500K, committed 3584K, reserved 1048576K
Heap Regions: E=young(eden), S=young(survivor), O=old, HS=humongous(starts), HC=humongous(continues), CS=collection set, F=free, A=archive, TAMS=top-at-mark-start (previous, next)
|   0|0x0000000080000000, 0x0000000080100000, 0x0000000080100000|100%| O|  |TAMS 0x0000000080000000, 0x0000000080000000| Untracked 
|   1|0x0000000080100000, 0x0000000080200000, 0x0000000080200000|100%| O|  |TAMS 0x0000000080100000, 0x0000000080100000| Untracked 
|   2|0x0000000080200000, 0x0000000080300000, 0x0000000080300000|100%| O|  |TAMS 0x0000000080200000, 0x0000000080200000| Untracked 
|   3|0x0000000080300000, 0x0000000080400000, 0x0000000080400000|100%|HS|  |TAMS 0x0000000080400000, 0x0000000080300000| Complete 
|   4|0x0000000080400000, 0x0000000080500000, 0x0000000080500000|100%|HC|  |TAMS 0x0000000080500000, 0x0000000080400000| Complete 
|   5|0x0000000080500000, 0x0000000080600000, 0x0000000080600000|100%|HC|  |TAMS 0x0000000080600000, 0x0000000080500000| Complete 
|   6|0x0000000080600000, 0x0000000080700000, 0x0000000080700000|100%| O|  |TAMS 0x0000000080700000, 0x0000000080600000| Untracked 
|   7|0x0000000080700000, 0x0000000080800000, 0x0000000080800000|100%| O|  |TAMS 0x0000000080800000, 0x0000000080700000| Untracked 
|   8|0x0000000080800000, 0x0000000080900000, 0x0000000080900000|100%| O|  |TAMS 0x0000000080900000, 0x0000000080800000| Untracked 
|   9|0x0000000080900000, 0x0000000080a00000, 0x0000000080a00000|100%| O|  |TAMS 0x0000000080909200, 0x0000000080900000| Untracked 
|  10|0x0000000080a00000, 0x0000000080b00000, 0x0000000080b00000|100%| O|  |TAMS 0x0000000080a00000, 0x0000000080a00000| Untracked 
|  11|0x0000000080b00000, 0x0000000080c00000, 0x0000000080c00000|100%| O|  |TAMS 0x0000000080b00000, 0x0000000080b00000| Untracked 
|  12|0x0000000080c00000, 0x0000000080d00000, 0x0000000080d00000|100%| O|  |TAMS 0x0000000080c00000, 0x0000000080c00000| Untracked 
|  13|0x0000000080d00000, 0x0000000080e00000, 0x0000000080e00000|100%| O|  |TAMS 0x0000000080d00000, 0x0000000080d00000| Untracked 
|  14|0x0000000080e00000, 0x0000000080f00000, 0x0000000080f00000|100%| O|  |TAMS 0x0000000080e00000, 0x0000000080e00000| Untracked 
|  15|0x0000000080f00000, 0x0000000081000000, 0x0000000081000000|100%| O|  |TAMS 0x0000000080f00000, 0x0000000080f00000| Untracked 
|  16|0x0000000081000000, 0x000000008101a800, 0x0000000081100000| 10%| O|  |TAMS 0x0000000081000000, 0x0000000081000000| Untracked 
|  17|0x0000000081100000, 0x0000000081100000, 0x0000000081200000|  0%| F|  |TAMS 0x0000000081100000, 0x0000000081100000| Untracked 
|  18|0x0000000081200000, 0x0000000081200000, 0x0000000081300000|  0%| F|  |TAMS 0x0000000081200000, 0x0000000081200000| Untracked 
|  19|0x0000000081300000, 0x0000000081300000, 0x0000000081400000|  0%| F|  |TAMS 0x0000000081300000, 0x0000000081300000| Untracked 
|  20|0x0000000081400000, 0x0000000081400000, 0x0000000081500000|  0%| F|  |TAMS 0x0000000081400000, 0x0000000081400000| Untracked 
|  21|0x0000000081500000, 0x0000000081500000, 0x0000000081600000|  0%| F|  |TAMS 0x0000000081500000, 0x0000000081500000| Untracked 
|  22|0x0000000081600000, 0x0000000081600000, 0x0000000081700000|  0%| F|  |TAMS 0x0000000081600000, 0x0000000081600000| Untracked 
|  23|0x0000000081700000, 0x0000000081700000, 0x0000000081800000|  0%| F|  |TAMS 0x0000000081700000, 0x0000000081700000| Untracked 
|  24|0x0000000081800000, 0x0000000081800000, 0x0000000081900000|  0%| F|  |TAMS 0x0000000081800000, 0x0000000081800000| Untracked 
|  25|0x0000000081900000, 0x0000000081900000, 0x0000000081a00000|  0%| F|  |TAMS 0x0000000081900000, 0x0000000081900000| Untracked 
|  26|0x0000000081a00000, 0x0000000081a00000, 0x0000000081b00000|  0%| F|  |TAMS 0x0000000081a00000, 0x0000000081a00000| Untracked 
|  27|0x0000000081b00000, 0x0000000081b00000, 0x0000000081c00000|  0%| F|  |TAMS 0x0000000081b00000, 0x0000000081b00000| Untracked 
|  28|0x0000000081c00000, 0x0000000081c00000, 0x0000000081d00000|  0%| F|  |TAMS 0x0000000081c00000, 0x0000000081c00000| Untracked 
|  29|0x0000000081d00000, 0x0000000081d00000, 0x0000000081e00000|  0%| F|  |TAMS 0x0000000081d00000, 0x0000000081d00000| Untracked 
|  30|0x0000000081e00000, 0x0000000081e00000, 0x0000000081f00000|  0%| F|  |TAMS 0x0000000081e00000, 0x0000000081e00000| Untracked 
|  31|0x0000000081f00000, 0x0000000081f00000, 0x0000000082000000|  0%| F|  |TAMS 0x0000000081f00000, 0x0000000081f00000| Untracked 
|  32|0x0000000082000000, 0x0000000082000000, 0x0000000082100000|  0%| F|  |TAMS 0x0000000082000000, 0x0000000082000000| Untracked 
|  33|0x0000000082100000, 0x0000000082100000, 0x0000000082200000|  0%| F|  |TAMS 0x0000000082100000, 0x0000000082100000| Untracked 
|  34|0x0000000082200000, 0x0000000082200000, 0x0000000082300000|  0%| F|  |TAMS 0x0000000082200000, 0x0000000082200000| Untracked 
|  35|0x0000000082300000, 0x0000000082300000, 0x0000000082400000|  0%| F|  |TAMS 0x0000000082300000, 0x0000000082300000| Untracked 
|  36|0x0000000082400000, 0x0000000082400000, 0x0000000082500000|  0%| F|  |TAMS 0x0000000082400000, 0x0000000082400000| Untracked 
|  37|0x0000000082500000, 0x0000000082500000, 0x0000000082600000|  0%| F|  |TAMS 0x0000000082500000, 0x0000000082500000| Untracked 
|  38|0x0000000082600000, 0x0000000082600000, 0x0000000082700000|  0%| F|  |TAMS 0x0000000082600000, 0x0000000082600000| Untracked 
|  39|0x0000000082700000, 0x0000000082700000, 0x0000000082800000|  0%| F|  |TAMS 0x0000000082700000, 0x0000000082700000| Untracked 
|  40|0x0000000082800000, 0x0000000082800000, 0x0000000082900000|  0%| F|  |TAMS 0x0000000082800000, 0x0000000082800000| Untracked 
|  41|0x0000000082900000, 0x0000000082900000, 0x0000000082a00000|  0%| F|  |TAMS 0x0000000082900000, 0x0000000082900000| Untracked 
|  42|0x0000000082a00000, 0x0000000082a00000, 0x0000000082b00000|  0%| F|  |TAMS 0x0000000082a00000, 0x0000000082a00000| Untracked 
|  43|0x0000000082b00000, 0x0000000082b00000, 0x0000000082c00000|  0%| F|  |TAMS 0x0000000082b00000, 0x0000000082b00000| Untracked 
|  44|0x0000000082c00000, 0x0000000082c00000, 0x0000000082d00000|  0%| F|  |TAMS 0x0000000082c00000, 0x0000000082c00000| Untracked 
|  45|0x0000000082d00000, 0x0000000082d00000, 0x0000000082e00000|  0%| F|  |TAMS 0x0000000082d00000, 0x0000000082d00000| Untracked 
|  46|0x0000000082e00000, 0x0000000082e00000, 0x0000000082f00000|  0%| F|  |TAMS 0x0000000082e00000, 0x0000000082e00000| Untracked 
|  47|0x0000000082f00000, 0x0000000082f00000, 0x0000000083000000|  0%| F|  |TAMS 0x0000000082f00000, 0x0000000082f00000| Untracked 
|  48|0x0000000083000000, 0x0000000083000000, 0x0000000083100000|  0%| F|  |TAMS 0x0000000083000000, 0x0000000083000000| Untracked 
|  49|0x0000000083100000, 0x0000000083100000, 0x0000000083200000|  0%| F|  |TAMS 0x0000000083100000, 0x0000000083100000| Untracked 
|  50|0x0000000083200000, 0x0000000083200000, 0x0000000083300000|  0%| F|  |TAMS 0x0000000083200000, 0x0000000083200000| Untracked 
|  51|0x0000000083300000, 0x0000000083300000, 0x0000000083400000|  0%| F|  |TAMS 0x0000000083300000, 0x0000000083300000| Untracked 
|  52|0x0000000083400000, 0x0000000083400000, 0x0000000083500000|  0%| F|  |TAMS 0x0000000083400000, 0x0000000083400000| Untracked 
|  53|0x0000000083500000, 0x0000000083500000, 0x0000000083600000|  0%| F|  |TAMS 0x0000000083500000, 0x0000000083500000| Untracked 
|  54|0x0000000083600000, 0x0000000083600000, 0x0000000083700000|  0%| F|  |TAMS 0x0000000083600000, 0x0000000083600000| Untracked 
|  55|0x0000000083700000, 0x0000000083700000, 0x0000000083800000|  0%| F|  |TAMS 0x0000000083700000, 0x0000000083700000| Untracked 
|  56|0x0000000083800000, 0x0000000083800000, 0x0000000083900000|  0%| F|  |TAMS 0x0000000083800000, 0x0000000083800000| Untracked 
|  57|0x0000000083900000, 0x0000000083900000, 0x0000000083a00000|  0%| F|  |TAMS 0x0000000083900000, 0x0000000083900000| Untracked 
|  58|0x0000000083a00000, 0x0000000083a00000, 0x0000000083b00000|  0%| F|  |TAMS 0x0000000083a00000, 0x0000000083a00000| Untracked 
|  59|0x0000000083b00000, 0x0000000083b00000, 0x0000000083c00000|  0%| F|  |TAMS 0x0000000083b00000, 0x0000000083b00000| Untracked 
|  60|0x0000000083c00000, 0x0000000083c00000, 0x0000000083d00000|  0%| F|  |TAMS 0x0000000083c00000, 0x0000000083c00000| Untracked 
|  61|0x0000000083d00000, 0x0000000083d00000, 0x0000000083e00000|  0%| F|  |TAMS 0x0000000083d00000, 0x0000000083d00000| Untracked 
|  62|0x0000000083e00000, 0x0000000083e00000, 0x0000000083f00000|  0%| F|  |TAMS 0x0000000083e00000, 0x0000000083e00000| Untracked 
|  63|0x0000000083f00000, 0x0000000083f00000, 0x0000000084000000|  0%| F|  |TAMS 0x0000000083f00000, 0x0000000083f00000| Untracked 
|  64|0x0000000084000000, 0x0000000084000000, 0x0000000084100000|  0%| F|  |TAMS 0x0000000084000000, 0x0000000084000000| Untracked 
|  65|0x0000000084100000, 0x0000000084100000, 0x0000000084200000|  0%| F|  |TAMS 0x0000000084100000, 0x0000000084100000| Untracked 
|  66|0x0000000084200000, 0x0000000084200000, 0x0000000084300000|  0%| F|  |TAMS 0x0000000084200000, 0x0000000084200000| Untracked 
|  67|0x0000000084300000, 0x0000000084300000, 0x0000000084400000|  0%| F|  |TAMS 0x0000000084300000, 0x0000000084300000| Untracked 
|  68|0x0000000084400000, 0x0000000084400000, 0x0000000084500000|  0%| F|  |TAMS 0x0000000084400000, 0x0000000084400000| Untracked 
|  69|0x0000000084500000, 0x0000000084500000, 0x0000000084600000|  0%| F|  |TAMS 0x0000000084500000, 0x0000000084500000| Untracked 
|  70|0x0000000084600000, 0x0000000084600000, 0x0000000084700000|  0%| F|  |TAMS 0x0000000084600000, 0x0000000084600000| Untracked 
|  71|0x0000000084700000, 0x0000000084700000, 0x0000000084800000|  0%| F|  |TAMS 0x0000000084700000, 0x0000000084700000| Untracked 
|  72|0x0000000084800000, 0x0000000084800000, 0x0000000084900000|  0%| F|  |TAMS 0x0000000084800000, 0x0000000084800000| Untracked 
|  73|0x0000000084900000, 0x0000000084900000, 0x0000000084a00000|  0%| F|  |TAMS 0x0000000084900000, 0x0000000084900000| Untracked 
|  74|0x0000000084a00000, 0x0000000084a00000, 0x0000000084b00000|  0%| F|  |TAMS 0x0000000084a00000, 0x0000000084a00000| Untracked 
|  75|0x0000000084b00000, 0x0000000084b00000, 0x0000000084c00000|  0%| F|  |TAMS 0x0000000084b00000, 0x0000000084b00000| Untracked 
|  76|0x0000000084c00000, 0x0000000084c00000, 0x0000000084d00000|  0%| F|  |TAMS 0x0000000084c00000, 0x0000000084c00000| Untracked 
|  77|0x0000000084d00000, 0x0000000084d00000, 0x0000000084e00000|  0%| F|  |TAMS 0x0000000084d00000, 0x0000000084d00000| Untracked 
|  78|0x0000000084e00000, 0x0000000084e00000, 0x0000000084f00000|  0%| F|  |TAMS 0x0000000084e00000, 0x0000000084e00000| Untracked 
|  79|0x0000000084f00000, 0x0000000084f00000, 0x0000000085000000|  0%| F|  |TAMS 0x0000000084f00000, 0x0000000084f00000| Untracked 
|  80|0x0000000085000000, 0x0000000085000000, 0x0000000085100000|  0%| F|  |TAMS 0x0000000085000000, 0x0000000085000000| Untracked 
|  81|0x0000000085100000, 0x0000000085100000, 0x0000000085200000|  0%| F|  |TAMS 0x0000000085100000, 0x0000000085100000| Untracked 
|  82|0x0000000085200000, 0x0000000085200000, 0x0000000085300000|  0%| F|  |TAMS 0x0000000085200000, 0x0000000085200000| Untracked 
|  83|0x0000000085300000, 0x0000000085300000, 0x0000000085400000|  0%| F|  |TAMS 0x0000000085300000, 0x0000000085300000| Untracked 
|  84|0x0000000085400000, 0x0000000085400000, 0x0000000085500000|  0%| F|  |TAMS 0x0000000085400000, 0x0000000085400000| Untracked 
|  85|0x0000000085500000, 0x0000000085500000, 0x0000000085600000|  0%| F|  |TAMS 0x0000000085500000, 0x0000000085500000| Untracked 
|  86|0x0000000085600000, 0x0000000085600000, 0x0000000085700000|  0%| F|  |TAMS 0x0000000085600000, 0x0000000085600000| Untracked 
|  87|0x0000000085700000, 0x0000000085700000, 0x0000000085800000|  0%| F|  |TAMS 0x0000000085700000, 0x0000000085700000| Untracked 
|  88|0x0000000085800000, 0x0000000085800000, 0x0000000085900000|  0%| F|  |TAMS 0x0000000085800000, 0x0000000085800000| Untracked 
|  89|0x0000000085900000, 0x0000000085900000, 0x0000000085a00000|  0%| F|  |TAMS 0x0000000085900000, 0x0000000085900000| Untracked 
|  90|0x0000000085a00000, 0x0000000085a00000, 0x0000000085b00000|  0%| F|  |TAMS 0x0000000085a00000, 0x0000000085a00000| Untracked 
|  91|0x0000000085b00000, 0x0000000085b00000, 0x0000000085c00000|  0%| F|  |TAMS 0x0000000085b00000, 0x0000000085b00000| Untracked 
|  92|0x0000000085c00000, 0x0000000085c00000, 0x0000000085d00000|  0%| F|  |TAMS 0x0000000085c00000, 0x0000000085c00000| Untracked 
|  93|0x0000000085d00000, 0x0000000085d00000, 0x0000000085e00000|  0%| F|  |TAMS 0x0000000085d00000, 0x0000000085d00000| Untracked 
|  94|0x0000000085e00000, 0x0000000085e00000, 0x0000000085f00000|  0%| F|  |TAMS 0x0000000085e00000, 0x0000000085e00000| Untracked 
|  95|0x0000000085f00000, 0x0000000085f00000, 0x0000000086000000|  0%| F|  |TAMS 0x0000000085f00000, 0x0000000085f00000| Untracked 
|  96|0x0000000086000000, 0x0000000086000000, 0x0000000086100000|  0%| F|  |TAMS 0x0000000086000000, 0x0000000086000000| Untracked 
|  97|0x0000000086100000, 0x0000000086100000, 0x0000000086200000|  0%| F|  |TAMS 0x0000000086100000, 0x0000000086100000| Untracked 
|  98|0x0000000086200000, 0x0000000086200000, 0x0000000086300000|  0%| F|  |TAMS 0x0000000086200000, 0x0000000086200000| Untracked 
|  99|0x0000000086300000, 0x0000000086300000, 0x0000000086400000|  0%| F|  |TAMS 0x0000000086300000, 0x0000000086300000| Untracked 
| 100|0x0000000086400000, 0x0000000086400000, 0x0000000086500000|  0%| F|  |TAMS 0x0000000086400000, 0x0000000086400000| Untracked 
| 101|0x0000000086500000, 0x0000000086500000, 0x0000000086600000|  0%| F|  |TAMS 0x0000000086500000, 0x0000000086500000| Untracked 
| 102|0x0000000086600000, 0x0000000086600000, 0x0000000086700000|  0%| F|  |TAMS 0x0000000086600000, 0x0000000086600000| Untracked 
| 103|0x0000000086700000, 0x0000000086700000, 0x0000000086800000|  0%| F|  |TAMS 0x0000000086700000, 0x0000000086700000| Untracked 
| 104|0x0000000086800000, 0x0000000086800000, 0x0000000086900000|  0%| F|  |TAMS 0x0000000086800000, 0x0000000086800000| Untracked 
| 105|0x0000000086900000, 0x0000000086900000, 0x0000000086a00000|  0%| F|  |TAMS 0x0000000086900000, 0x0000000086900000| Untracked 
| 106|0x0000000086a00000, 0x0000000086a00000, 0x0000000086b00000|  0%| F|  |TAMS 0x0000000086a00000, 0x0000000086a00000| Untracked 
| 107|0x0000000086b00000, 0x0000000086b00000, 0x0000000086c00000|  0%| F|  |TAMS 0x0000000086b00000, 0x0000000086b00000| Untracked 
| 108|0x0000000086c00000, 0x0000000086c00000, 0x0000000086d00000|  0%| F|  |TAMS 0x0000000086c00000, 0x0000000086c00000| Untracked 
| 109|0x0000000086d00000, 0x0000000086d00000, 0x0000000086e00000|  0%| F|  |TAMS 0x0000000086d00000, 0x0000000086d00000| Untracked 
| 110|0x0000000086e00000, 0x0000000086e00000, 0x0000000086f00000|  0%| F|  |TAMS 0x0000000086e00000, 0x0000000086e00000| Untracked 
| 111|0x0000000086f00000, 0x0000000086f00000, 0x0000000087000000|  0%| F|  |TAMS 0x0000000086f00000, 0x0000000086f00000| Untracked 
| 112|0x0000000087000000, 0x0000000087000000, 0x0000000087100000|  0%| F|  |TAMS 0x0000000087000000, 0x0000000087000000| Untracked 
| 113|0x0000000087100000, 0x0000000087100000, 0x0000000087200000|  0%| F|  |TAMS 0x0000000087100000, 0x0000000087100000| Untracked 
| 114|0x0000000087200000, 0x0000000087200000, 0x0000000087300000|  0%| F|  |TAMS 0x0000000087200000, 0x0000000087200000| Untracked 
| 115|0x0000000087300000, 0x0000000087300000, 0x0000000087400000|  0%| F|  |TAMS 0x0000000087300000, 0x0000000087300000| Untracked 
| 116|0x0000000087400000, 0x0000000087400000, 0x0000000087500000|  0%| F|  |TAMS 0x0000000087400000, 0x0000000087400000| Untracked 
| 117|0x0000000087500000, 0x0000000087500000, 0x0000000087600000|  0%| F|  |TAMS 0x0000000087500000, 0x0000000087500000| Untracked 
| 118|0x0000000087600000, 0x0000000087600000, 0x0000000087700000|  0%| F|  |TAMS 0x0000000087600000, 0x0000000087600000| Untracked 
| 119|0x0000000087700000, 0x0000000087700000, 0x0000000087800000|  0%| F|  |TAMS 0x0000000087700000, 0x0000000087700000| Untracked 
| 120|0x0000000087800000, 0x0000000087800000, 0x0000000087900000|  0%| F|  |TAMS 0x0000000087800000, 0x0000000087800000| Untracked 
| 121|0x0000000087900000, 0x0000000087900000, 0x0000000087a00000|  0%| F|  |TAMS 0x0000000087900000, 0x0000000087900000| Untracked 
| 122|0x0000000087a00000, 0x0000000087a00000, 0x0000000087b00000|  0%| F|  |TAMS 0x0000000087a00000, 0x0000000087a00000| Untracked 
| 123|0x0000000087b00000, 0x0000000087b00000, 0x0000000087c00000|  0%| F|  |TAMS 0x0000000087b00000, 0x0000000087b00000| Untracked 
| 124|0x0000000087c00000, 0x0000000087c00000, 0x0000000087d00000|  0%| F|  |TAMS 0x0000000087c00000, 0x0000000087c00000| Untracked 
| 125|0x0000000087d00000, 0x0000000087d00000, 0x0000000087e00000|  0%| F|  |TAMS 0x0000000087d00000, 0x0000000087d00000| Untracked 
| 126|0x0000000087e00000, 0x0000000087e00000, 0x0000000087f00000|  0%| F|  |TAMS 0x0000000087e00000, 0x0000000087e00000| Untracked 
| 127|0x0000000087f00000, 0x0000000087f00000, 0x0000000088000000|  0%| F|  |TAMS 0x0000000087f00000, 0x0000000087f00000| Untracked 
| 128|0x0000000088000000, 0x0000000088000000, 0x0000000088100000|  0%| F|  |TAMS 0x0000000088000000, 0x0000000088000000| Untracked 
| 129|0x0000000088100000, 0x0000000088100000, 0x0000000088200000|  0%| F|  |TAMS 0x0000000088100000, 0x0000000088100000| Untracked 
| 130|0x0000000088200000, 0x0000000088200000, 0x0000000088300000|  0%| F|  |TAMS 0x0000000088200000, 0x0000000088200000| Untracked 
| 131|0x0000000088300000, 0x0000000088300000, 0x0000000088400000|  0%| F|  |TAMS 0x0000000088300000, 0x0000000088300000| Untracked 
| 132|0x0000000088400000, 0x0000000088400000, 0x0000000088500000|  0%| F|  |TAMS 0x0000000088400000, 0x0000000088400000| Untracked 
| 133|0x0000000088500000, 0x0000000088500000, 0x0000000088600000|  0%| F|  |TAMS 0x0000000088500000, 0x0000000088500000| Untracked 
| 134|0x0000000088600000, 0x0000000088600000, 0x0000000088700000|  0%| F|  |TAMS 0x0000000088600000, 0x0000000088600000| Untracked 
| 135|0x0000000088700000, 0x0000000088700000, 0x0000000088800000|  0%| F|  |TAMS 0x0000000088700000, 0x0000000088700000| Untracked 
| 136|0x0000000088800000, 0x0000000088800000, 0x0000000088900000|  0%| F|  |TAMS 0x0000000088800000, 0x0000000088800000| Untracked 
| 137|0x0000000088900000, 0x0000000088900000, 0x0000000088a00000|  0%| F|  |TAMS 0x0000000088900000, 0x0000000088900000| Untracked 
| 138|0x0000000088a00000, 0x0000000088a00000, 0x0000000088b00000|  0%| F|  |TAMS 0x0000000088a00000, 0x0000000088a00000| Untracked 
| 139|0x0000000088b00000, 0x0000000088b00000, 0x0000000088c00000|  0%| F|  |TAMS 0x0000000088b00000, 0x0000000088b00000| Untracked 
| 140|0x0000000088c00000, 0x0000000088c00000, 0x0000000088d00000|  0%| F|  |TAMS 0x0000000088c00000, 0x0000000088c00000| Untracked 
| 141|0x0000000088d00000, 0x0000000088d00000, 0x0000000088e00000|  0%| F|  |TAMS 0x0000000088d00000, 0x0000000088d00000| Untracked 
| 142|0x0000000088e00000, 0x0000000088e00000, 0x0000000088f00000|  0%| F|  |TAMS 0x0000000088e00000, 0x0000000088e00000| Untracked 
| 143|0x0000000088f00000, 0x0000000088f00000, 0x0000000089000000|  0%| F|  |TAMS 0x0000000088f00000, 0x0000000088f00000| Untracked 
| 144|0x0000000089000000, 0x0000000089000000, 0x0000000089100000|  0%| F|  |TAMS 0x0000000089000000, 0x0000000089000000| Untracked 
| 145|0x0000000089100000, 0x0000000089100000, 0x0000000089200000|  0%| F|  |TAMS 0x0000000089100000, 0x0000000089100000| Untracked 
| 146|0x0000000089200000, 0x0000000089200000, 0x0000000089300000|  0%| F|  |TAMS 0x0000000089200000, 0x0000000089200000| Untracked 
| 147|0x0000000089300000, 0x0000000089300000, 0x0000000089400000|  0%| F|  |TAMS 0x0000000089300000, 0x0000000089300000| Untracked 
| 148|0x0000000089400000, 0x0000000089400000, 0x0000000089500000|  0%| F|  |TAMS 0x0000000089400000, 0x0000000089400000| Untracked 
| 149|0x0000000089500000, 0x0000000089500000, 0x0000000089600000|  0%| F|  |TAMS 0x0000000089500000, 0x0000000089500000| Untracked 
| 150|0x0000000089600000, 0x0000000089600000, 0x0000000089700000|  0%| F|  |TAMS 0x0000000089600000, 0x0000000089600000| Untracked 
| 151|0x0000000089700000, 0x0000000089700000, 0x0000000089800000|  0%| F|  |TAMS 0x0000000089700000, 0x0000000089700000| Untracked 
| 152|0x0000000089800000, 0x0000000089800000, 0x0000000089900000|  0%| F|  |TAMS 0x0000000089800000, 0x0000000089800000| Untracked 
| 153|0x0000000089900000, 0x0000000089900000, 0x0000000089a00000|  0%| F|  |TAMS 0x0000000089900000, 0x0000000089900000| Untracked 
| 154|0x0000000089a00000, 0x0000000089a00000, 0x0000000089b00000|  0%| F|  |TAMS 0x0000000089a00000, 0x0000000089a00000| Untracked 
| 155|0x0000000089b00000, 0x0000000089b00000, 0x0000000089c00000|  0%| F|  |TAMS 0x0000000089b00000, 0x0000000089b00000| Untracked 
| 156|0x0000000089c00000, 0x0000000089c00000, 0x0000000089d00000|  0%| F|  |TAMS 0x0000000089c00000, 0x0000000089c00000| Untracked 
| 157|0x0000000089d00000, 0x0000000089d00000, 0x0000000089e00000|  0%| F|  |TAMS 0x0000000089d00000, 0x0000000089d00000| Untracked 
| 158|0x0000000089e00000, 0x0000000089e00000, 0x0000000089f00000|  0%| F|  |TAMS 0x0000000089e00000, 0x0000000089e00000| Untracked 
| 159|0x0000000089f00000, 0x0000000089f00000, 0x000000008a000000|  0%| F|  |TAMS 0x0000000089f00000, 0x0000000089f00000| Untracked 
| 160|0x000000008a000000, 0x000000008a000000, 0x000000008a100000|  0%| F|  |TAMS 0x000000008a000000, 0x000000008a000000| Untracked 
| 161|0x000000008a100000, 0x000000008a100000, 0x000000008a200000|  0%| F|  |TAMS 0x000000008a100000, 0x000000008a100000| Untracked 
| 162|0x000000008a200000, 0x000000008a200000, 0x000000008a300000|  0%| F|  |TAMS 0x000000008a200000, 0x000000008a200000| Untracked 
| 163|0x000000008a300000, 0x000000008a300000, 0x000000008a400000|  0%| F|  |TAMS 0x000000008a300000, 0x000000008a300000| Untracked 
| 164|0x000000008a400000, 0x000000008a400000, 0x000000008a500000|  0%| F|  |TAMS 0x000000008a400000, 0x000000008a400000| Untracked 
| 165|0x000000008a500000, 0x000000008a500000, 0x000000008a600000|  0%| F|  |TAMS 0x000000008a500000, 0x000000008a500000| Untracked 
| 166|0x000000008a600000, 0x000000008a600000, 0x000000008a700000|  0%| F|  |TAMS 0x000000008a600000, 0x000000008a600000| Untracked 
| 167|0x000000008a700000, 0x000000008a700000, 0x000000008a800000|  0%| F|  |TAMS 0x000000008a700000, 0x000000008a700000| Untracked 
| 168|0x000000008a800000, 0x000000008a800000, 0x000000008a900000|  0%| F|  |TAMS 0x000000008a800000, 0x000000008a800000| Untracked 
| 169|0x000000008a900000, 0x000000008a900000, 0x000000008aa00000|  0%| F|  |TAMS 0x000000008a900000, 0x000000008a900000| Untracked 
| 170|0x000000008aa00000, 0x000000008aa00000, 0x000000008ab00000|  0%| F|  |TAMS 0x000000008aa00000, 0x000000008aa00000| Untracked 
| 171|0x000000008ab00000, 0x000000008ab00000, 0x000000008ac00000|  0%| F|  |TAMS 0x000000008ab00000, 0x000000008ab00000| Untracked 
| 172|0x000000008ac00000, 0x000000008ac00000, 0x000000008ad00000|  0%| F|  |TAMS 0x000000008ac00000, 0x000000008ac00000| Untracked 
| 173|0x000000008ad00000, 0x000000008ad00000, 0x000000008ae00000|  0%| F|  |TAMS 0x000000008ad00000, 0x000000008ad00000| Untracked 
| 174|0x000000008ae00000, 0x000000008ae00000, 0x000000008af00000|  0%| F|  |TAMS 0x000000008ae00000, 0x000000008ae00000| Untracked 
| 175|0x000000008af00000, 0x000000008af00000, 0x000000008b000000|  0%| F|  |TAMS 0x000000008af00000, 0x000000008af00000| Untracked 
| 176|0x000000008b000000, 0x000000008b000000, 0x000000008b100000|  0%| F|  |TAMS 0x000000008b000000, 0x000000008b000000| Untracked 
| 177|0x000000008b100000, 0x000000008b100000, 0x000000008b200000|  0%| F|  |TAMS 0x000000008b100000, 0x000000008b100000| Untracked 
| 178|0x000000008b200000, 0x000000008b200000, 0x000000008b300000|  0%| F|  |TAMS 0x000000008b200000, 0x000000008b200000| Untracked 
| 179|0x000000008b300000, 0x000000008b300000, 0x000000008b400000|  0%| F|  |TAMS 0x000000008b300000, 0x000000008b300000| Untracked 
| 180|0x000000008b400000, 0x000000008b400000, 0x000000008b500000|  0%| F|  |TAMS 0x000000008b400000, 0x000000008b400000| Untracked 
| 181|0x000000008b500000, 0x000000008b500000, 0x000000008b600000|  0%| F|  |TAMS 0x000000008b500000, 0x000000008b500000| Untracked 
| 182|0x000000008b600000, 0x000000008b600000, 0x000000008b700000|  0%| F|  |TAMS 0x000000008b600000, 0x000000008b600000| Untracked 
| 183|0x000000008b700000, 0x000000008b700000, 0x000000008b800000|  0%| F|  |TAMS 0x000000008b700000, 0x000000008b700000| Untracked 
| 184|0x000000008b800000, 0x000000008b800000, 0x000000008b900000|  0%| F|  |TAMS 0x000000008b800000, 0x000000008b800000| Untracked 
| 185|0x000000008b900000, 0x000000008b900000, 0x000000008ba00000|  0%| F|  |TAMS 0x000000008b900000, 0x000000008b900000| Untracked 
| 186|0x000000008ba00000, 0x000000008ba00000, 0x000000008bb00000|  0%| F|  |TAMS 0x000000008ba00000, 0x000000008ba00000| Untracked 
| 187|0x000000008bb00000, 0x000000008bb00000, 0x000000008bc00000|  0%| F|  |TAMS 0x000000008bb00000, 0x000000008bb00000| Untracked 
| 188|0x000000008bc00000, 0x000000008bc00000, 0x000000008bd00000|  0%| F|  |TAMS 0x000000008bc00000, 0x000000008bc00000| Untracked 
| 189|0x000000008bd00000, 0x000000008bd00000, 0x000000008be00000|  0%| F|  |TAMS 0x000000008bd00000, 0x000000008bd00000| Untracked 
| 190|0x000000008be00000, 0x000000008be00000, 0x000000008bf00000|  0%| F|  |TAMS 0x000000008be00000, 0x000000008be00000| Untracked 
| 191|0x000000008bf00000, 0x000000008bf00000, 0x000000008c000000|  0%| F|  |TAMS 0x000000008bf00000, 0x000000008bf00000| Untracked 
| 192|0x000000008c000000, 0x000000008c000000, 0x000000008c100000|  0%| F|  |TAMS 0x000000008c000000, 0x000000008c000000| Untracked 
| 193|0x000000008c100000, 0x000000008c100000, 0x000000008c200000|  0%| F|  |TAMS 0x000000008c100000, 0x000000008c100000| Untracked 
| 194|0x000000008c200000, 0x000000008c200000, 0x000000008c300000|  0%| F|  |TAMS 0x000000008c200000, 0x000000008c200000| Untracked 
| 195|0x000000008c300000, 0x000000008c300000, 0x000000008c400000|  0%| F|  |TAMS 0x000000008c300000, 0x000000008c300000| Untracked 
| 196|0x000000008c400000, 0x000000008c400000, 0x000000008c500000|  0%| F|  |TAMS 0x000000008c400000, 0x000000008c400000| Untracked 
| 197|0x000000008c500000, 0x000000008c500000, 0x000000008c600000|  0%| F|  |TAMS 0x000000008c500000, 0x000000008c500000| Untracked 
| 198|0x000000008c600000, 0x000000008c600000, 0x000000008c700000|  0%| F|  |TAMS 0x000000008c600000, 0x000000008c600000| Untracked 
| 199|0x000000008c700000, 0x000000008c700000, 0x000000008c800000|  0%| F|  |TAMS 0x000000008c700000, 0x000000008c700000| Untracked 
| 200|0x000000008c800000, 0x000000008c800000, 0x000000008c900000|  0%| F|  |TAMS 0x000000008c800000, 0x000000008c800000| Untracked 
| 201|0x000000008c900000, 0x000000008c900000, 0x000000008ca00000|  0%| F|  |TAMS 0x000000008c900000, 0x000000008c900000| Untracked 
| 202|0x000000008ca00000, 0x000000008ca00000, 0x000000008cb00000|  0%| F|  |TAMS 0x000000008ca00000, 0x000000008ca00000| Untracked 
| 203|0x000000008cb00000, 0x000000008cb00000, 0x000000008cc00000|  0%| F|  |TAMS 0x000000008cb00000, 0x000000008cb00000| Untracked 
| 204|0x000000008cc00000, 0x000000008cc00000, 0x000000008cd00000|  0%| F|  |TAMS 0x000000008cc00000, 0x000000008cc00000| Untracked 
| 205|0x000000008cd00000, 0x000000008cd00000, 0x000000008ce00000|  0%| F|  |TAMS 0x000000008cd00000, 0x000000008cd00000| Untracked 
| 206|0x000000008ce00000, 0x000000008ce00000, 0x000000008cf00000|  0%| F|  |TAMS 0x000000008ce00000, 0x000000008ce00000| Untracked 
| 207|0x000000008cf00000, 0x000000008cf00000, 0x000000008d000000|  0%| F|  |TAMS 0x000000008cf00000, 0x000000008cf00000| Untracked 
| 208|0x000000008d000000, 0x000000008d000000, 0x000000008d100000|  0%| F|  |TAMS 0x000000008d000000, 0x000000008d000000| Untracked 
| 209|0x000000008d100000, 0x000000008d100000, 0x000000008d200000|  0%| F|  |TAMS 0x000000008d100000, 0x000000008d100000| Untracked 
| 210|0x000000008d200000, 0x000000008d200000, 0x000000008d300000|  0%| F|  |TAMS 0x000000008d200000, 0x000000008d200000| Untracked 
| 211|0x000000008d300000, 0x000000008d300000, 0x000000008d400000|  0%| F|  |TAMS 0x000000008d300000, 0x000000008d300000| Untracked 
| 212|0x000000008d400000, 0x000000008d400000, 0x000000008d500000|  0%| F|  |TAMS 0x000000008d400000, 0x000000008d400000| Untracked 
| 213|0x000000008d500000, 0x000000008d500000, 0x000000008d600000|  0%| F|  |TAMS 0x000000008d500000, 0x000000008d500000| Untracked 
| 214|0x000000008d600000, 0x000000008d600000, 0x000000008d700000|  0%| F|  |TAMS 0x000000008d600000, 0x000000008d600000| Untracked 
| 215|0x000000008d700000, 0x000000008d700000, 0x000000008d800000|  0%| F|  |TAMS 0x000000008d700000, 0x000000008d700000| Untracked 
| 216|0x000000008d800000, 0x000000008d800000, 0x000000008d900000|  0%| F|  |TAMS 0x000000008d800000, 0x000000008d800000| Untracked 
| 217|0x000000008d900000, 0x000000008d900000, 0x000000008da00000|  0%| F|  |TAMS 0x000000008d900000, 0x000000008d900000| Untracked 
| 218|0x000000008da00000, 0x000000008da00000, 0x000000008db00000|  0%| F|  |TAMS 0x000000008da00000, 0x000000008da00000| Untracked 
| 219|0x000000008db00000, 0x000000008db00000, 0x000000008dc00000|  0%| F|  |TAMS 0x000000008db00000, 0x000000008db00000| Untracked 
| 220|0x000000008dc00000, 0x000000008dc74c40, 0x000000008dd00000| 45%| S|CS|TAMS 0x000000008dc00000, 0x000000008dc00000| Complete 
| 221|0x000000008dd00000, 0x000000008de00000, 0x000000008de00000|100%| S|CS|TAMS 0x000000008dd00000, 0x000000008dd00000| Complete 
| 222|0x000000008de00000, 0x000000008de00000, 0x000000008df00000|  0%| F|  |TAMS 0x000000008de00000, 0x000000008de00000| Untracked 
| 223|0x000000008df00000, 0x000000008df00000, 0x000000008e000000|  0%| F|  |TAMS 0x000000008df00000, 0x000000008df00000| Untracked 
| 224|0x000000008e000000, 0x000000008e000000, 0x000000008e100000|  0%| F|  |TAMS 0x000000008e000000, 0x000000008e000000| Untracked 
| 225|0x000000008e100000, 0x000000008e100000, 0x000000008e200000|  0%| F|  |TAMS 0x000000008e100000, 0x000000008e100000| Untracked 
| 226|0x000000008e200000, 0x000000008e200000, 0x000000008e300000|  0%| F|  |TAMS 0x000000008e200000, 0x000000008e200000| Untracked 
| 227|0x000000008e300000, 0x000000008e300000, 0x000000008e400000|  0%| F|  |TAMS 0x000000008e300000, 0x000000008e300000| Untracked 
| 228|0x000000008e400000, 0x000000008e400000, 0x000000008e500000|  0%| F|  |TAMS 0x000000008e400000, 0x000000008e400000| Untracked 
| 229|0x000000008e500000, 0x000000008e500000, 0x000000008e600000|  0%| F|  |TAMS 0x000000008e500000, 0x000000008e500000| Untracked 
| 230|0x000000008e600000, 0x000000008e600000, 0x000000008e700000|  0%| F|  |TAMS 0x000000008e600000, 0x000000008e600000| Untracked 
| 231|0x000000008e700000, 0x000000008e700000, 0x000000008e800000|  0%| F|  |TAMS 0x000000008e700000, 0x000000008e700000| Untracked 
| 232|0x000000008e800000, 0x000000008e800000, 0x000000008e900000|  0%| F|  |TAMS 0x000000008e800000, 0x000000008e800000| Untracked 
| 233|0x000000008e900000, 0x000000008ea00000, 0x000000008ea00000|100%| E|  |TAMS 0x000000008e900000, 0x000000008e900000| Complete 
| 234|0x000000008ea00000, 0x000000008eb00000, 0x000000008eb00000|100%| E|CS|TAMS 0x000000008ea00000, 0x000000008ea00000| Complete 
| 235|0x000000008eb00000, 0x000000008ec00000, 0x000000008ec00000|100%| E|CS|TAMS 0x000000008eb00000, 0x000000008eb00000| Complete 
| 236|0x000000008ec00000, 0x000000008ed00000, 0x000000008ed00000|100%| E|CS|TAMS 0x000000008ec00000, 0x000000008ec00000| Complete 
| 237|0x000000008ed00000, 0x000000008ee00000, 0x000000008ee00000|100%| E|CS|TAMS 0x000000008ed00000, 0x000000008ed00000| Complete 
| 238|0x000000008ee00000, 0x000000008ef00000, 0x000000008ef00000|100%| E|CS|TAMS 0x000000008ee00000, 0x000000008ee00000| Complete 
| 239|0x000000008ef00000, 0x000000008f000000, 0x000000008f000000|100%| E|CS|TAMS 0x000000008ef00000, 0x000000008ef00000| Complete 
| 240|0x000000008f000000, 0x000000008f100000, 0x000000008f100000|100%| E|CS|TAMS 0x000000008f000000, 0x000000008f000000| Complete 
| 241|0x000000008f100000, 0x000000008f200000, 0x000000008f200000|100%| E|CS|TAMS 0x000000008f100000, 0x000000008f100000| Complete 
| 242|0x000000008f200000, 0x000000008f300000, 0x000000008f300000|100%| E|CS|TAMS 0x000000008f200000, 0x000000008f200000| Complete 
| 243|0x000000008f300000, 0x000000008f400000, 0x000000008f400000|100%| E|CS|TAMS 0x000000008f300000, 0x000000008f300000| Complete 
| 244|0x000000008f400000, 0x000000008f500000, 0x000000008f500000|100%| E|CS|TAMS 0x000000008f400000, 0x000000008f400000| Complete 
| 245|0x000000008f500000, 0x000000008f600000, 0x000000008f600000|100%| E|CS|TAMS 0x000000008f500000, 0x000000008f500000| Complete 
| 246|0x000000008f600000, 0x000000008f700000, 0x000000008f700000|100%| E|CS|TAMS 0x000000008f600000, 0x000000008f600000| Complete 
| 247|0x000000008f700000, 0x000000008f800000, 0x000000008f800000|100%| E|CS|TAMS 0x000000008f700000, 0x000000008f700000| Complete 
| 248|0x000000008f800000, 0x000000008f900000, 0x000000008f900000|100%| E|CS|TAMS 0x000000008f800000, 0x000000008f800000| Complete 
| 249|0x000000008f900000, 0x000000008fa00000, 0x000000008fa00000|100%| E|CS|TAMS 0x000000008f900000, 0x000000008f900000| Complete 
| 250|0x000000008fa00000, 0x000000008fb00000, 0x000000008fb00000|100%| E|CS|TAMS 0x000000008fa00000, 0x000000008fa00000| Complete 
| 251|0x000000008fb00000, 0x000000008fc00000, 0x000000008fc00000|100%| E|CS|TAMS 0x000000008fb00000, 0x000000008fb00000| Complete 
| 252|0x000000008fc00000, 0x000000008fd00000, 0x000000008fd00000|100%| E|CS|TAMS 0x000000008fc00000, 0x000000008fc00000| Complete 
| 253|0x000000008fd00000, 0x000000008fe00000, 0x000000008fe00000|100%| E|CS|TAMS 0x000000008fd00000, 0x000000008fd00000| Complete 

Card table byte_map: [0x000001e330d10000,0x000001e331110000] _byte_map_base: 0x000001e330910000

Marking Bits (Prev, Next): (CMBitMap*) 0x000001e31d59ee10, (CMBitMap*) 0x000001e31d59edd8
 Prev Bits: [0x000001e333510000, 0x000001e335510000)
 Next Bits: [0x000001e331510000, 0x000001e333510000)

Polling page: 0x000001e31b4b0000

Metaspace:

Usage:
  Non-class:     22.42 MB capacity,    22.02 MB ( 98%) used,   361.19 KB (  2%) free+waste,    50.00 KB ( <1%) overhead. 
      Class:      3.48 MB capacity,     3.24 MB ( 93%) used,   225.42 KB (  6%) free+waste,    25.12 KB ( <1%) overhead. 
       Both:     25.90 MB capacity,    25.26 MB ( 98%) used,   586.61 KB (  2%) free+waste,    75.12 KB ( <1%) overhead. 

Virtual space:
  Non-class space:       24.00 MB reserved,      22.42 MB ( 93%) committed 
      Class space:        1.00 GB reserved,       3.50 MB ( <1%) committed 
             Both:        1.02 GB reserved,      25.92 MB (  2%) committed 

Chunk freelists:
   Non-Class:  2.00 KB
       Class:  19.00 KB
        Both:  21.00 KB

MaxMetaspaceSize: 17179869184.00 GB
CompressedClassSpaceSize: 1.00 GB
Initial GC threshold: 20.80 MB
Current GC threshold: 35.08 MB
CDS: off

CodeHeap 'non-profiled nmethods': size=119168Kb used=1217Kb max_used=1217Kb free=117950Kb
 bounds [0x000001e328c20000, 0x000001e328e90000, 0x000001e330080000]
CodeHeap 'profiled nmethods': size=119168Kb used=5456Kb max_used=5456Kb free=113711Kb
 bounds [0x000001e3217c0000, 0x000001e321d20000, 0x000001e328c20000]
CodeHeap 'non-nmethods': size=7424Kb used=2917Kb max_used=2940Kb free=4506Kb
 bounds [0x000001e321080000, 0x000001e321370000, 0x000001e3217c0000]
 total_blobs=3009 nmethods=2501 adapters=417
 compilation: enabled
              stopped_count=0, restarted_count=0
 full_count=0

Compilation events (20 events):
Event: 1.705 Thread 0x000001e338e8c000 nmethod 2479 0x000001e321cfa690 code [0x000001e321cfa840, 0x000001e321cfa9a8]
Event: 1.705 Thread 0x000001e33a0f9800 nmethod 2480 0x000001e321cfaa90 code [0x000001e321cfac80, 0x000001e321cfb048]
Event: 1.706 Thread 0x000001e33b6e0000 nmethod 2467 0x000001e328d4c590 code [0x000001e328d4c740, 0x000001e328d4c948]
Event: 1.706 Thread 0x000001e33b6e0000 2424       4       java.lang.AbstractStringBuilder::appendChars (130 bytes)
Event: 1.708 Thread 0x000001e3398a3000 2482   !   3       org.gradle.internal.event.DefaultListenerManager$EventBroadcast::maybeAdd (103 bytes)
Event: 1.708 Thread 0x000001e3385b5800 2483       3       java.lang.ClassLoader::createOrGetClassLoaderValueMap (37 bytes)
Event: 1.708 Thread 0x000001e338e8c000 2484       3       java.io.DataOutputStream::<init> (19 bytes)
Event: 1.708 Thread 0x000001e3385b5800 nmethod 2483 0x000001e321cfb210 code [0x000001e321cfb420, 0x000001e321cfb968]
Event: 1.708 Thread 0x000001e338e8c000 nmethod 2484 0x000001e321cfbb90 code [0x000001e321cfbd80, 0x000001e321cfc238]
Event: 1.708 Thread 0x000001e3398a3000 nmethod 2482 0x000001e321cfc390 code [0x000001e321cfc620, 0x000001e321cfd088]
Event: 1.709 Thread 0x000001e33b6e0000 nmethod 2424 0x000001e328d4cb90 code [0x000001e328d4cd20, 0x000001e328d4cff8]
Event: 1.709 Thread 0x000001e33b6e0000 2469 %     4       sun.nio.cs.UTF_8$Decoder::decodeArrayLoop @ 73 (691 bytes)
Event: 1.712 Thread 0x000001e33a0f9800 2486       3       java.util.concurrent.ConcurrentLinkedQueue::offer (120 bytes)
Event: 1.712 Thread 0x000001e3385b5800 2485       3       java.util.concurrent.ConcurrentLinkedQueue::add (6 bytes)
Event: 1.712 Thread 0x000001e338e8c000 2487       3       java.util.concurrent.ConcurrentLinkedQueue$Node::<init> (13 bytes)
Event: 1.712 Thread 0x000001e3385b5800 nmethod 2485 0x000001e321cfd590 code [0x000001e321cfd740, 0x000001e321cfd888]
Event: 1.713 Thread 0x000001e338e8c000 nmethod 2487 0x000001e321cfd910 code [0x000001e321cfdb80, 0x000001e321cfe3d8]
Event: 1.713 Thread 0x000001e33a0f9800 nmethod 2486 0x000001e321cfe710 code [0x000001e321cfeb00, 0x000001e321d005b8]
Event: 1.714 Thread 0x000001e3398a3000 2488       3       jdk.internal.reflect.NativeMethodAccessorImpl::invoke (104 bytes)
Event: 1.714 Thread 0x000001e3398a3000 nmethod 2488 0x000001e321d00e90 code [0x000001e321d01140, 0x000001e321d02018]

GC Heap History (6 events):
Event: 0.448 GC heap before
{Heap before GC invocations=0 (full 0):
 garbage-first heap   total 260096K, used 29696K [0x0000000080000000, 0x0000000100000000)
  region size 1024K, 24 young (24576K), 0 survivors (0K)
 Metaspace       used 10112K, capacity 10342K, committed 10624K, reserved 1058816K
  class space    used 1023K, capacity 1107K, committed 1152K, reserved 1048576K
}
Event: 0.451 GC heap after
{Heap after GC invocations=1 (full 0):
 garbage-first heap   total 260096K, used 9252K [0x0000000080000000, 0x0000000100000000)
  region size 1024K, 3 young (3072K), 3 survivors (3072K)
 Metaspace       used 10112K, capacity 10342K, committed 10624K, reserved 1058816K
  class space    used 1023K, capacity 1107K, committed 1152K, reserved 1048576K
}
Event: 1.440 GC heap before
{Heap before GC invocations=1 (full 0):
 garbage-first heap   total 260096K, used 101412K [0x0000000080000000, 0x0000000100000000)
  region size 1024K, 94 young (96256K), 3 survivors (3072K)
 Metaspace       used 20762K, capacity 21137K, committed 21296K, reserved 1069056K
  class space    used 2479K, capacity 2634K, committed 2688K, reserved 1048576K
}
Event: 1.446 GC heap after
{Heap after GC invocations=2 (full 0):
 garbage-first heap   total 260096K, used 17051K [0x0000000080000000, 0x0000000100000000)
  region size 1024K, 11 young (11264K), 11 survivors (11264K)
 Metaspace       used 20762K, capacity 21137K, committed 21296K, reserved 1069056K
  class space    used 2479K, capacity 2634K, committed 2688K, reserved 1048576K
}
Event: 1.599 GC heap before
{Heap before GC invocations=3 (full 0):
 garbage-first heap   total 260096K, used 49819K [0x0000000080000000, 0x0000000100000000)
  region size 1024K, 43 young (44032K), 11 survivors (11264K)
 Metaspace       used 23527K, capacity 24046K, committed 24112K, reserved 1071104K
  class space    used 2954K, capacity 3184K, committed 3200K, reserved 1048576K
}
Event: 1.603 GC heap after
{Heap after GC invocations=4 (full 0):
 garbage-first heap   total 260096K, used 17981K [0x0000000080000000, 0x0000000100000000)
  region size 1024K, 2 young (2048K), 2 survivors (2048K)
 Metaspace       used 23527K, capacity 24046K, committed 24112K, reserved 1071104K
  class space    used 2954K, capacity 3184K, committed 3200K, reserved 1048576K
}

Deoptimization events (20 events):
Event: 1.447 Thread 0x000001e33bf01800 Uncommon trap: trap_request=0xffffff4d fr.pc=0x000001e328c7e3fc relative=0x000000000000023c
Event: 1.447 Thread 0x000001e33bf01800 Uncommon trap: reason=unstable_if action=reinterpret pc=0x000001e328c7e3fc method=java.util.concurrent.ConcurrentHashMap.get(Ljava/lang/Object;)Ljava/lang/Object; @ 76 c2
Event: 1.447 Thread 0x000001e33bf01800 DEOPT PACKING pc=0x000001e328c7e3fc sp=0x000000d9cbefe710
Event: 1.447 Thread 0x000001e33bf01800 DEOPT UNPACKING pc=0x000001e3210ca1af sp=0x000000d9cbefe678 mode 2
Event: 1.516 Thread 0x000001e338e79800 Uncommon trap: trap_request=0xffffff4d fr.pc=0x000001e328d10998 relative=0x0000000000000398
Event: 1.516 Thread 0x000001e338e79800 Uncommon trap: reason=unstable_if action=reinterpret pc=0x000001e328d10998 method=jdk.internal.org.objectweb.asm.Type.getArgumentsAndReturnSizes(Ljava/lang/String;)I @ 88 c2
Event: 1.516 Thread 0x000001e338e79800 DEOPT PACKING pc=0x000001e328d10998 sp=0x000000d9cbdf9360
Event: 1.516 Thread 0x000001e338e79800 DEOPT UNPACKING pc=0x000001e3210ca1af sp=0x000000d9cbdf92e8 mode 2
Event: 1.519 Thread 0x000001e338e79800 Uncommon trap: trap_request=0xffffffcc fr.pc=0x000001e328d275f8 relative=0x00000000000002b8
Event: 1.519 Thread 0x000001e338e79800 Uncommon trap: reason=intrinsic_or_type_checked_inlining action=make_not_entrant pc=0x000001e328d275f8 method=java.util.Arrays.copyOf([Ljava/lang/Object;ILjava/lang/Class;)[Ljava/lang/Object; @ 35 c2
Event: 1.519 Thread 0x000001e338e79800 DEOPT PACKING pc=0x000001e328d275f8 sp=0x000000d9cbdfb6a0
Event: 1.519 Thread 0x000001e338e79800 DEOPT UNPACKING pc=0x000001e3210ca1af sp=0x000000d9cbdfb630 mode 2
Event: 1.552 Thread 0x000001e338e79800 DEOPT PACKING pc=0x000001e321c600f6 sp=0x000000d9cbdf87a0
Event: 1.552 Thread 0x000001e338e79800 DEOPT UNPACKING pc=0x000001e3210ca95e sp=0x000000d9cbdf7cc0 mode 0
Event: 1.621 Thread 0x000001e338e79800 DEOPT PACKING pc=0x000001e321c600f6 sp=0x000000d9cbdf8ae0
Event: 1.621 Thread 0x000001e338e79800 DEOPT UNPACKING pc=0x000001e3210ca95e sp=0x000000d9cbdf8000 mode 0
Event: 1.625 Thread 0x000001e338e79800 DEOPT PACKING pc=0x000001e321c600f6 sp=0x000000d9cbdf8960
Event: 1.625 Thread 0x000001e338e79800 DEOPT UNPACKING pc=0x000001e3210ca95e sp=0x000000d9cbdf7e80 mode 0
Event: 1.637 Thread 0x000001e338e79800 DEOPT PACKING pc=0x000001e321c600d5 sp=0x000000d9cbdf9ba0
Event: 1.637 Thread 0x000001e338e79800 DEOPT UNPACKING pc=0x000001e3210ca95e sp=0x000000d9cbdf90c0 mode 0

Classes redefined (0 events):
No events

Internal exceptions (20 events):
Event: 1.297 Thread 0x000001e338e79800 Exception <a 'java/lang/NoSuchMethodError'{0x000000008b9020c8}: 'void java.lang.invoke.DelegatingMethodHandle$Holder.reinvoke_L(java.lang.Object, java.lang.Object, java.lang.Object, java.lang.Object, java.lang.Object, java.lang.Object, java.lang.Object)'> (0x000000008b9020c8) thrown at [src/hotspot/share/interpreter/linkResolver.cpp, line 773]
Event: 1.337 Thread 0x000001e338e79800 Exception <a 'java/lang/NoSuchMethodError'{0x000000008b10f128}: 'void java.lang.invoke.DirectMethodHandle$Holder.invokeStaticInit(java.lang.Object)'> (0x000000008b10f128) thrown at [src/hotspot/share/interpreter/linkResolver.cpp, line 773]
Event: 1.344 Thread 0x000001e338e79800 Exception <a 'java/lang/NoSuchMethodError'{0x000000008b1ca3c8}: 'java.lang.Object java.lang.invoke.DirectMethodHandle$Holder.invokeStatic(java.lang.Object, java.lang.Object, java.lang.Object, int)'> (0x000000008b1ca3c8) thrown at [src/hotspot/share/interpreter/linkResolver.cpp, line 773]
Event: 1.344 Thread 0x000001e338e79800 Exception <a 'java/lang/NoSuchMethodError'{0x000000008b1ce590}: 'java.lang.Object java.lang.invoke.DirectMethodHandle$Holder.invokeSpecial(java.lang.Object, java.lang.Object, java.lang.Object, java.lang.Object, int)'> (0x000000008b1ce590) thrown at [src/hotspot/share/interpreter/linkResolver.cpp, line 773]
Event: 1.344 Thread 0x000001e338e79800 Exception <a 'java/lang/NoSuchMethodError'{0x000000008b1d1f78}: 'java.lang.Object java.lang.invoke.Invokers$Holder.linkToTargetMethod(java.lang.Object, java.lang.Object, int, java.lang.Object)'> (0x000000008b1d1f78) thrown at [src/hotspot/share/interpreter/linkResolver.cpp, line 773]
Event: 1.411 Thread 0x000001e338e79800 Exception <a 'java/lang/NoSuchMethodError'{0x000000008a7045c0}: 'java.lang.Object java.lang.invoke.Invokers$Holder.linkToTargetMethod(java.lang.Object, java.lang.Object, java.lang.Object, java.lang.Object, java.lang.Object, java.lang.Object)'> (0x000000008a7045c0) thrown at [src/hotspot/share/interpreter/linkResolver.cpp, line 773]
Event: 1.488 Thread 0x000001e338e79800 Exception <a 'java/lang/NoSuchMethodError'{0x000000008f5c75f8}: 'int java.lang.invoke.DirectMethodHandle$Holder.invokeSpecialIFC(java.lang.Object, java.lang.Object, java.lang.Object, java.lang.Object)'> (0x000000008f5c75f8) thrown at [src/hotspot/share/interpreter/linkResolver.cpp, line 773]
Event: 1.489 Thread 0x000001e338e79800 Exception <a 'java/lang/NoSuchMethodError'{0x000000008f5d55b0}: 'java.lang.Object java.lang.invoke.DirectMethodHandle$Holder.invokeInterface(java.lang.Object, java.lang.Object, java.lang.Object)'> (0x000000008f5d55b0) thrown at [src/hotspot/share/interpreter/linkResolver.cpp, line 773]
Event: 1.489 Thread 0x000001e338e79800 Exception <a 'java/lang/IncompatibleClassChangeError'{0x000000008f5d8d40}: Found class java.lang.Object, but interface was expected> (0x000000008f5d8d40) thrown at [src/hotspot/share/interpreter/linkResolver.cpp, line 839]
Event: 1.535 Thread 0x000001e338e79800 Exception <a 'java/lang/NoSuchMethodError'{0x000000008ed20370}: 'void java.lang.invoke.DirectMethodHandle$Holder.invokeSpecial(java.lang.Object, java.lang.Object, java.lang.Object, java.lang.Object, java.lang.Object)'> (0x000000008ed20370) thrown at [src/hotspot/share/interpreter/linkResolver.cpp, line 773]
Event: 1.545 Thread 0x000001e338e79800 Exception <a 'java/lang/NoSuchMethodError'{0x000000008eb51880}: 'java.lang.Object java.lang.invoke.DirectMethodHandle$Holder.invokeSpecial(java.lang.Object, java.lang.Object, java.lang.Object, java.lang.Object, java.lang.Object, java.lang.Object, java.lang.Object, java.lang.Object, java.lang.Object)'> (0x000000008eb51880) thrown at [src/hotspot/share/interpreter/linkResolver.cpp, line 773]
Event: 1.578 Thread 0x000001e338e79800 Exception <a 'java/lang/NoSuchMethodError'{0x000000008e1503e8}: 'java.lang.Object java.lang.invoke.DirectMethodHandle$Holder.invokeVirtual(java.lang.Object, java.lang.Object, java.lang.Object, java.lang.Object)'> (0x000000008e1503e8) thrown at [src/hotspot/share/interpreter/linkResolver.cpp, line 773]
Event: 1.630 Thread 0x000001e338e79800 Exception <a 'java/lang/NoSuchMethodError'{0x000000008fa823d0}: 'void java.lang.invoke.DirectMethodHandle$Holder.invokeSpecial(java.lang.Object, java.lang.Object, java.lang.Object, java.lang.Object, java.lang.Object, java.lang.Object)'> (0x000000008fa823d0) thrown at [src/hotspot/share/interpreter/linkResolver.cpp, line 773]
Event: 1.632 Thread 0x000001e338e79800 Exception <a 'java/lang/NoSuchMethodError'{0x000000008fab0760}: 'java.lang.Object java.lang.invoke.DirectMethodHandle$Holder.invokeSpecial(java.lang.Object, java.lang.Object, java.lang.Object, java.lang.Object, java.lang.Object, java.lang.Object, java.lang.Object, java.lang.Object, int, int)'> (0x000000008fab0760) thrown at [src/hotspot/share/interpreter/linkResolver.cpp, line 773]
Event: 1.633 Thread 0x000001e338e79800 Exception <a 'java/lang/NoSuchMethodError'{0x000000008facd070}: 'java.lang.Object java.lang.invoke.Invokers$Holder.linkToTargetMethod(java.lang.Object, java.lang.Object, java.lang.Object, java.lang.Object, java.lang.Object, java.lang.Object, java.lang.Object)'> (0x000000008facd070) thrown at [src/hotspot/share/interpreter/linkResolver.cpp, line 773]
Event: 1.642 Thread 0x000001e338e79800 Exception <a 'java/lang/NoSuchMethodError'{0x000000008f9df840}: 'void java.lang.invoke.DirectMethodHandle$Holder.invokeSpecial(java.lang.Object, java.lang.Object, java.lang.Object, java.lang.Object, java.lang.Object, java.lang.Object, java.lang.Object)'> (0x000000008f9df840) thrown at [src/hotspot/share/interpreter/linkResolver.cpp, line 773]
Event: 1.644 Thread 0x000001e338e79800 Exception <a 'java/lang/NoSuchMethodError'{0x000000008f824458}: 'java.lang.Object java.lang.invoke.DirectMethodHandle$Holder.invokeStatic(java.lang.Object, java.lang.Object, java.lang.Object, int, java.lang.Object, java.lang.Object)'> (0x000000008f824458) thrown at [src/hotspot/share/interpreter/linkResolver.cpp, line 773]
Event: 1.644 Thread 0x000001e338e79800 Exception <a 'java/lang/NoSuchMethodError'{0x000000008f82bb68}: 'java.lang.Object java.lang.invoke.Invokers$Holder.linkToTargetMethod(java.lang.Object, java.lang.Object, int, java.lang.Object, java.lang.Object, java.lang.Object)'> (0x000000008f82bb68) thrown at [src/hotspot/share/interpreter/linkResolver.cpp, line 773]
Event: 1.656 Thread 0x000001e338e79800 Exception <a 'java/lang/NoSuchMethodError'{0x000000008f7dc3b8}: 'java.lang.Object java.lang.invoke.DirectMethodHandle$Holder.invokeVirtual(java.lang.Object, java.lang.Object, java.lang.Object, java.lang.Object, java.lang.Object, java.lang.Object, java.lang.Object, java.lang.Object, java.lang.Object, java.lang.Object, java.lang.Object, java.lang.Object, java.lang.Object, java.lang.Object, java.lang.Object, java.lang.Object, java.lang.Object, java.lang.Object, java.lang.Object, java.lang.Object, java.lang.Ob
Event: 1.686 Thread 0x000001e338e79800 Exception <a 'java/lang/NoSuchMethodError'{0x000000008ee19f00}: 'int java.lang.invoke.DirectMethodHandle$Holder.invokeStaticInit(java.lang.Object, java.lang.Object, java.lang.Object)'> (0x000000008ee19f00) thrown at [src/hotspot/share/interpreter/linkResolver.cpp, line 773]

Events (20 events):
Event: 1.712 loading class org/gradle/plugin/management/internal/SingletonPluginRequests
Event: 1.712 loading class org/gradle/plugin/management/internal/SingletonPluginRequests done
Event: 1.712 loading class org/gradle/plugin/management/internal/autoapply/DefaultAutoAppliedPluginHandler
Event: 1.712 loading class org/gradle/plugin/management/internal/autoapply/DefaultAutoAppliedPluginHandler done
Event: 1.712 loading class org/gradle/composite/internal/plugins/CompositeBuildPluginResolverContributor
Event: 1.712 loading class org/gradle/composite/internal/plugins/CompositeBuildPluginResolverContributor done
Event: 1.713 loading class org/gradle/composite/internal/plugins/CompositeBuildPluginResolverContributor$CompositeBuildPluginResolver
Event: 1.713 loading class org/gradle/composite/internal/plugins/CompositeBuildPluginResolverContributor$CompositeBuildPluginResolver done
Event: 1.713 loading class org/gradle/api/internal/initialization/loadercache/DefaultClassLoaderCache
Event: 1.713 loading class org/gradle/api/internal/initialization/loadercache/DefaultClassLoaderCache done
Event: 1.713 loading class org/gradle/api/internal/initialization/loadercache/DefaultClassLoaderCache$ClassLoaderSpec
Event: 1.713 loading class org/gradle/api/internal/initialization/loadercache/DefaultClassLoaderCache$ClassLoaderSpec done
Event: 1.713 loading class org/gradle/api/internal/initialization/loadercache/DefaultClassLoaderCache$ManagedClassLoaderSpec
Event: 1.713 loading class org/gradle/api/internal/initialization/loadercache/DefaultClassLoaderCache$ManagedClassLoaderSpec done
Event: 1.714 loading class org/gradle/initialization/DefaultClassLoaderScopeRegistry
Event: 1.714 loading class org/gradle/initialization/DefaultClassLoaderScopeRegistry done
Event: 1.714 loading class org/gradle/initialization/ClassLoaderScopeId
Event: 1.714 loading class org/gradle/initialization/ClassLoaderScopeId done
Event: 1.714 loading class org/gradle/api/internal/initialization/loadercache/ClassLoaderId
Event: 1.714 loading class org/gradle/api/internal/initialization/loadercache/ClassLoaderId done


Dynamic libraries:
0x00007ff7f0b20000 - 0x00007ff7f0b2a000 	C:\Program Files\Android\Android Studio\jbr\bin\java.exe
0x00007ff8a1f10000 - 0x00007ff8a2108000 	C:\WINDOWS\SYSTEM32\ntdll.dll
0x00007ff8a0380000 - 0x00007ff8a0442000 	C:\WINDOWS\System32\KERNEL32.DLL
0x00007ff89fab0000 - 0x00007ff89fdaf000 	C:\WINDOWS\System32\KERNELBASE.dll
0x00007ff89f820000 - 0x00007ff89f920000 	C:\WINDOWS\System32\ucrtbase.dll
0x00007ff890a50000 - 0x00007ff890a67000 	C:\Program Files\Android\Android Studio\jbr\bin\jli.dll
0x00007ff8908c0000 - 0x00007ff8908db000 	C:\Program Files\Android\Android Studio\jbr\bin\VCRUNTIME140.dll
0x00007ff8a0950000 - 0x00007ff8a0aed000 	C:\WINDOWS\System32\USER32.dll
0x00007ff88c120000 - 0x00007ff88c3ba000 	C:\WINDOWS\WinSxS\amd64_microsoft.windows.common-controls_6595b64144ccf1df_6.0.19041.4355_none_60b8b9eb71f62e16\COMCTL32.dll
0x00007ff89f950000 - 0x00007ff89f972000 	C:\WINDOWS\System32\win32u.dll
0x00007ff89ffa0000 - 0x00007ff8a003e000 	C:\WINDOWS\System32\msvcrt.dll
0x00007ff8a1460000 - 0x00007ff8a148b000 	C:\WINDOWS\System32\GDI32.dll
0x00007ff89fdb0000 - 0x00007ff89fec7000 	C:\WINDOWS\System32\gdi32full.dll
0x00007ff89fa10000 - 0x00007ff89faad000 	C:\WINDOWS\System32\msvcp_win.dll
0x00007ff8a1490000 - 0x00007ff8a14bf000 	C:\WINDOWS\System32\IMM32.DLL
0x00007ff89bcc0000 - 0x00007ff89bccc000 	C:\Program Files\Android\Android Studio\jbr\bin\vcruntime140_1.dll
0x00007ff874ed0000 - 0x00007ff874f5d000 	C:\Program Files\Android\Android Studio\jbr\bin\msvcp140.dll
0x00007ff80be30000 - 0x00007ff80c9ec000 	C:\Program Files\Android\Android Studio\jbr\bin\server\jvm.dll
0x00007ff8a15c0000 - 0x00007ff8a1671000 	C:\WINDOWS\System32\ADVAPI32.dll
0x00007ff8a14c0000 - 0x00007ff8a155f000 	C:\WINDOWS\System32\sechost.dll
0x00007ff8a0250000 - 0x00007ff8a0373000 	C:\WINDOWS\System32\RPCRT4.dll
0x00007ff89f920000 - 0x00007ff89f947000 	C:\WINDOWS\System32\bcrypt.dll
0x00007ff8a13f0000 - 0x00007ff8a13f8000 	C:\WINDOWS\System32\PSAPI.DLL
0x00007ff8986c0000 - 0x00007ff8986c9000 	C:\WINDOWS\SYSTEM32\WSOCK32.dll
0x00007ff8a1690000 - 0x00007ff8a16fb000 	C:\WINDOWS\System32\WS2_32.dll
0x00007ff8996b0000 - 0x00007ff8996ba000 	C:\WINDOWS\SYSTEM32\VERSION.dll
0x00007ff8965d0000 - 0x00007ff8965f7000 	C:\WINDOWS\SYSTEM32\WINMM.dll
0x00007ff89d440000 - 0x00007ff89d452000 	C:\WINDOWS\SYSTEM32\kernel.appcore.dll
0x00007ff89ca70000 - 0x00007ff89ca80000 	C:\Program Files\Android\Android Studio\jbr\bin\verify.dll
0x00007ff895c90000 - 0x00007ff895e74000 	C:\WINDOWS\SYSTEM32\DBGHELP.DLL
0x00007ff881e60000 - 0x00007ff881e94000 	C:\WINDOWS\SYSTEM32\dbgcore.DLL
0x00007ff89f980000 - 0x00007ff89fa02000 	C:\WINDOWS\System32\bcryptPrimitives.dll
0x00007ff893000000 - 0x00007ff893028000 	C:\Program Files\Android\Android Studio\jbr\bin\java.dll
0x00007ff89b300000 - 0x00007ff89b30a000 	C:\Program Files\Android\Android Studio\jbr\bin\jimage.dll
0x00007ff892fe0000 - 0x00007ff892ff8000 	C:\Program Files\Android\Android Studio\jbr\bin\zip.dll
0x00007ff8a0af0000 - 0x00007ff8a125e000 	C:\WINDOWS\System32\SHELL32.dll
0x00007ff89d640000 - 0x00007ff89dde4000 	C:\WINDOWS\SYSTEM32\windows.storage.dll
0x00007ff8a05f0000 - 0x00007ff8a0945000 	C:\WINDOWS\System32\combase.dll
0x00007ff89efd0000 - 0x00007ff89efff000 	C:\WINDOWS\SYSTEM32\Wldp.dll
0x00007ff8a1260000 - 0x00007ff8a132d000 	C:\WINDOWS\System32\OLEAUT32.dll
0x00007ff8a1330000 - 0x00007ff8a13dd000 	C:\WINDOWS\System32\SHCORE.dll
0x00007ff8a1400000 - 0x00007ff8a1455000 	C:\WINDOWS\System32\shlwapi.dll
0x00007ff89f4d0000 - 0x00007ff89f4f4000 	C:\WINDOWS\SYSTEM32\profapi.dll
0x00007ff8903e0000 - 0x00007ff8903f9000 	C:\Program Files\Android\Android Studio\jbr\bin\net.dll
0x00007ff899810000 - 0x00007ff89991d000 	C:\WINDOWS\SYSTEM32\WINHTTP.dll
0x00007ff89ed30000 - 0x00007ff89ed9a000 	C:\WINDOWS\system32\mswsock.dll
0x00007ff8903c0000 - 0x00007ff8903d3000 	C:\Program Files\Android\Android Studio\jbr\bin\nio.dll
0x00007ff890960000 - 0x00007ff890987000 	C:\Users\Saya\.gradle\native\e1d6ef7f7dcc3fd88c89a11ec53ec762bb8ba0a96d01ffa2cd45eb1d1d8dd5c5\windows-amd64\native-platform.dll
0x00007ff867680000 - 0x00007ff8677c4000 	C:\Users\Saya\.gradle\native\0d407fdbe67a94daf76414ababcb853783967236a71b16ec16e742cd7a986fd3\windows-amd64\native-platform-file-events.dll
0x00007ff89a860000 - 0x00007ff89a86a000 	C:\Program Files\Android\Android Studio\jbr\bin\management.dll
0x00007ff89a290000 - 0x00007ff89a29b000 	C:\Program Files\Android\Android Studio\jbr\bin\management_ext.dll
0x00007ff89ef20000 - 0x00007ff89ef38000 	C:\WINDOWS\SYSTEM32\CRYPTSP.dll
0x00007ff89e5e0000 - 0x00007ff89e614000 	C:\WINDOWS\system32\rsaenh.dll
0x00007ff89f450000 - 0x00007ff89f47e000 	C:\WINDOWS\SYSTEM32\USERENV.dll
0x00007ff89ef40000 - 0x00007ff89ef4c000 	C:\WINDOWS\SYSTEM32\CRYPTBASE.dll
0x00007ff89e9c0000 - 0x00007ff89e9fb000 	C:\WINDOWS\SYSTEM32\IPHLPAPI.DLL
0x00007ff8a1680000 - 0x00007ff8a1688000 	C:\WINDOWS\System32\NSI.dll
0x00007ff89a2c0000 - 0x00007ff89a2d7000 	C:\WINDOWS\SYSTEM32\dhcpcsvc6.DLL
0x00007ff89a1f0000 - 0x00007ff89a20d000 	C:\WINDOWS\SYSTEM32\dhcpcsvc.DLL
0x00007ff89ea10000 - 0x00007ff89eada000 	C:\WINDOWS\SYSTEM32\DNSAPI.dll

dbghelp: loaded successfully - version: 4.0.5 - missing functions: none
symbol engine: initialized successfully - sym options: 0x614 - pdb path: .;C:\Program Files\Android\Android Studio\jbr\bin;C:\WINDOWS\SYSTEM32;C:\WINDOWS\WinSxS\amd64_microsoft.windows.common-controls_6595b64144ccf1df_6.0.19041.4355_none_60b8b9eb71f62e16;C:\Program Files\Android\Android Studio\jbr\bin\server;C:\Users\Saya\.gradle\native\e1d6ef7f7dcc3fd88c89a11ec53ec762bb8ba0a96d01ffa2cd45eb1d1d8dd5c5\windows-amd64;C:\Users\Saya\.gradle\native\0d407fdbe67a94daf76414ababcb853783967236a71b16ec16e742cd7a986fd3\windows-amd64

VM Arguments:
jvm_args: --add-opens=java.base/java.util=ALL-UNNAMED --add-opens=java.base/java.lang=ALL-UNNAMED --add-opens=java.base/java.lang.invoke=ALL-UNNAMED --add-opens=java.base/java.util=ALL-UNNAMED --add-opens=java.prefs/java.util.prefs=ALL-UNNAMED --add-opens=java.prefs/java.util.prefs=ALL-UNNAMED --add-opens=java.base/java.nio.charset=ALL-UNNAMED --add-opens=java.base/java.net=ALL-UNNAMED --add-opens=java.base/java.util.concurrent.atomic=ALL-UNNAMED -Xmx2048m -Dfile.encoding=UTF-8 -Duser.country=ID -Duser.language=en -Duser.variant 
java_command: org.gradle.launcher.daemon.bootstrap.GradleDaemon 7.5
java_class_path (initial): C:\Users\Saya\.gradle\wrapper\dists\gradle-7.5-bin\f1w0cc9nuo0eivz97x2xlu9sv\gradle-7.5\lib\gradle-launcher-7.5.jar
Launcher Type: SUN_STANDARD

[Global flags]
     intx CICompilerCount                          = 12                                        {product} {ergonomic}
     uint ConcGCThreads                            = 3                                         {product} {ergonomic}
     uint G1ConcRefinementThreads                  = 13                                        {product} {ergonomic}
   size_t G1HeapRegionSize                         = 1048576                                   {product} {ergonomic}
    uintx GCDrainStackTargetSize                   = 64                                        {product} {ergonomic}
   size_t InitialHeapSize                          = 266338304                                 {product} {ergonomic}
   size_t MarkStackSize                            = 4194304                                   {product} {ergonomic}
   size_t MaxHeapSize                              = 2147483648                                {product} {command line}
   size_t MaxNewSize                               = 1287651328                                {product} {ergonomic}
   size_t MinHeapDeltaBytes                        = 1048576                                   {product} {ergonomic}
    uintx NonNMethodCodeHeapSize                   = 7594288                                {pd product} {ergonomic}
    uintx NonProfiledCodeHeapSize                  = 122031976                              {pd product} {ergonomic}
    uintx ProfiledCodeHeapSize                     = 122031976                              {pd product} {ergonomic}
    uintx ReservedCodeCacheSize                    = 251658240                              {pd product} {ergonomic}
     bool SegmentedCodeCache                       = true                                      {product} {ergonomic}
     bool UseCompressedClassPointers               = true                                 {lp64_product} {ergonomic}
     bool UseCompressedOops                        = true                                 {lp64_product} {ergonomic}
     bool UseG1GC                                  = true                                      {product} {ergonomic}
     bool UseLargePagesIndividualAllocation        = false                                  {pd product} {ergonomic}

Logging:
Log output configuration:
 #0: stdout all=warning uptime,level,tags
 #1: stderr all=off uptime,level,tags

Environment Variables:
PATH=C:\Program Files\Common Files\Oracle\Java\javapath;C:\Program Files (x86)\VMware\VMware Workstation\bin\;C:\WINDOWS\system32;C:\WINDOWS;C:\WINDOWS\System32\Wbem;C:\WINDOWS\System32\WindowsPowerShell\v1.0\;C:\WINDOWS\System32\OpenSSH\;C:\Program Files\Microsoft SQL Server\150\Tools\Binn\;C:\Program Files\Microsoft SQL Server\Client SDK\ODBC\170\Tools\Binn\;C:\Program Files\dotnet\;C:\Program Files (x86)\Microsoft SQL Server\160\Tools\Binn\;C:\Program Files\Microsoft SQL Server\160\Tools\Binn\;C:\Program Files\Microsoft SQL Server\160\DTS\Binn\;C:\Program Files (x86)\Microsoft SQL Server\160\DTS\Binn\;C:\Program Files\Azure Data Studio\bin;C:\Program Files\nodejs\;C:\Program Files\Git\cmd;C:\Users\Saya\AppData\Local\Microsoft\WindowsApps;C:\Users\Saya\.dotnet\tools;C:\Program Files\Azure Data Studio\bin;C:\Users\Saya\AppData\Local\Programs\Microsoft VS Code\bin;C:\Program Files\JetBrains\IntelliJ IDEA Community Edition 2023.2.3\bin;;C:\Users\Saya\AppData\Roaming\npm;C:\Users\Saya\AppData\Local\GitHubDesktop\bin
USERNAME=Saya
OS=Windows_NT
PROCESSOR_IDENTIFIER=Intel64 Family 6 Model 165 Stepping 5, GenuineIntel



---------------  S Y S T E M  ---------------

OS: Windows 10 , 64 bit Build 19041 (10.0.19041.5198)
OS uptime: 0 days 23:13 hours

CPU:total 16 (initial active 16) (8 cores per cpu, 2 threads per core) family 6 model 165 stepping 5 microcode 0xe2, cmov, cx8, fxsr, mmx, sse, sse2, sse3, ssse3, sse4.1, sse4.2, popcnt, avx, avx2, aes, clmul, erms, 3dnowpref, lzcnt, ht, tsc, tscinvbit, bmi1, bmi2, adx, fma

Memory: 4k page, system-wide physical 16244M (2313M free)
TotalPageFile size 24244M (AvailPageFile size 5M)
current process WorkingSet (physical memory assigned to process): 243M, peak: 243M
current process commit charge ("private bytes"): 427M, peak: 428M

vm_info: OpenJDK 64-Bit Server VM (11.0.15+0-b2043.56-9505619) for windows-amd64 JRE (11.0.15+0-b2043.56-9505619), built on Jan 19 2023 02:48:00 by "builduser" with unknown MS VC++:1929

END.
