#
# There is insufficient memory for the Java Runtime Environment to continue.
# Native memory allocation (malloc) failed to allocate 491056 bytes for Chunk::new
# Possible reasons:
#   The system is out of physical RAM or swap space
#   The process is running with CompressedOops enabled, and the Java Heap may be blocking the growth of the native heap
# Possible solutions:
#   Reduce memory load on the system
#   Increase physical memory or swap space
#   Check if swap backing store is full
#   Decrease Java heap size (-Xmx/-Xms)
#   Decrease number of Java threads
#   Decrease Java thread stack sizes (-Xss)
#   Set larger code cache with -XX:ReservedCodeCacheSize=
#   JVM is running with Unscaled Compressed Oops mode in which the Java heap is
#     placed in the first 4GB address space. The Java Heap base address is the
#     maximum limit for the native heap growth. Please use -XX:HeapBaseMinAddress
#     to set the Java Heap base and to place the Java Heap above 4GB virtual address.
# This output file may be truncated or incomplete.
#
#  Out of Memory Error (src/hotspot/share/memory/arena.cpp:197), pid=19532, tid=1348
#
# JRE version: OpenJDK Runtime Environment (11.0.15) (build 11.0.15+0-b2043.56-9505619)
# Java VM: OpenJDK 64-Bit Server VM (11.0.15+0-b2043.56-9505619, mixed mode, tiered, compressed oops, g1 gc, windows-amd64)
# No core dump will be written. Minidumps are not enabled by default on client versions of Windows
#

---------------  S U M M A R Y ------------

Command Line: --add-opens=java.base/java.util=ALL-UNNAMED --add-opens=java.base/java.lang=ALL-UNNAMED --add-opens=java.base/java.lang.invoke=ALL-UNNAMED --add-opens=java.base/java.util=ALL-UNNAMED --add-opens=java.prefs/java.util.prefs=ALL-UNNAMED --add-opens=java.prefs/java.util.prefs=ALL-UNNAMED --add-opens=java.base/java.nio.charset=ALL-UNNAMED --add-opens=java.base/java.net=ALL-UNNAMED --add-opens=java.base/java.util.concurrent.atomic=ALL-UNNAMED -Xmx2048m -Dfile.encoding=UTF-8 -Duser.country=ID -Duser.language=en -Duser.variant org.gradle.launcher.daemon.bootstrap.GradleDaemon 7.5

Host: Intel(R) Core(TM) i7-10700F CPU @ 2.90GHz, 16 cores, 15G,  Windows 10 , 64 bit Build 19041 (10.0.19041.5198)
Time: Wed Feb 12 12:41:36 2025 SE Asia Standard Time elapsed time: 3.170243 seconds (0d 0h 0m 3s)

---------------  T H R E A D  ---------------

Current thread (0x0000027c7d45c800):  JavaThread "C2 CompilerThread4" daemon [_thread_in_native, id=1348, stack(0x000000fc5e200000,0x000000fc5e300000)]


Current CompileTask:
C2:   3170 4551       4       java.lang.PublicMethods::merge (81 bytes)

Stack: [0x000000fc5e200000,0x000000fc5e300000]
Native frames: (J=compiled Java code, j=interpreted, Vv=VM code, C=native code)
V  [jvm.dll+0x64135a]
V  [jvm.dll+0x7d39f9]
V  [jvm.dll+0x7d51b9]
V  [jvm.dll+0x7d58a3]
V  [jvm.dll+0x2691c5]
V  [jvm.dll+0xc1a5c]
V  [jvm.dll+0xc200c]
V  [jvm.dll+0x3774a7]
V  [jvm.dll+0x1b3732]
V  [jvm.dll+0x22163e]
V  [jvm.dll+0x220498]
V  [jvm.dll+0x19e851]
V  [jvm.dll+0x230479]
V  [jvm.dll+0x22e5ef]
V  [jvm.dll+0x794de1]
V  [jvm.dll+0x78dc24]
V  [jvm.dll+0x6400f6]
C  [ucrtbase.dll+0x21bb2]
C  [KERNEL32.DLL+0x17374]
C  [ntdll.dll+0x4cc91]


---------------  P R O C E S S  ---------------

Threads class SMR info:
_java_thread_list=0x0000027c010b9310, length=54, elements={
0x0000027c5e77b800, 0x0000027c79f46000, 0x0000027c79f4f000, 0x0000027c79fa1800,
0x0000027c79fa4800, 0x0000027c79fa8000, 0x0000027c79fb1800, 0x0000027c79fc0000,
0x0000027c79fc3800, 0x0000027c796e3800, 0x0000027c79fab000, 0x0000027c7a6ab000,
0x0000027c7b1b2000, 0x0000027c79fac000, 0x0000027c79faa800, 0x0000027c7c3ba800,
0x0000027c79fad000, 0x0000027c79fa7000, 0x0000027c79fa9800, 0x0000027c79fad800,
0x0000027c79fa8800, 0x0000027c7c666800, 0x0000027c7c663000, 0x0000027c7c661800,
0x0000027c7c662000, 0x0000027c7c667000, 0x0000027c7c668000, 0x0000027c7d634800,
0x0000027c7c665800, 0x0000027c7c668800, 0x0000027c7d998000, 0x0000027c7c669800,
0x0000027c7c664000, 0x0000027c7c66a800, 0x0000027c7c664800, 0x0000027c7c66d000,
0x0000027c7c66c000, 0x0000027c7c66b000, 0x0000027c7c66d800, 0x0000027c7c66f800,
0x0000027c7c66e800, 0x0000027c7c670000, 0x0000027c00cd9800, 0x0000027c00cda000,
0x0000027c00cd8800, 0x0000027c00cdc800, 0x0000027c00cd7800, 0x0000027c7d45c800,
0x0000027c00cdc000, 0x0000027c00cdb000, 0x0000027c00cd7000, 0x0000027c00ce0000,
0x0000027c00ce1800, 0x0000027c00ce2800
}

Java Threads: ( => current thread )
  0x0000027c5e77b800 JavaThread "main" [_thread_blocked, id=23968, stack(0x000000fc59e00000,0x000000fc59f00000)]
  0x0000027c79f46000 JavaThread "Reference Handler" daemon [_thread_blocked, id=16824, stack(0x000000fc5a500000,0x000000fc5a600000)]
  0x0000027c79f4f000 JavaThread "Finalizer" daemon [_thread_blocked, id=28788, stack(0x000000fc5a600000,0x000000fc5a700000)]
  0x0000027c79fa1800 JavaThread "Signal Dispatcher" daemon [_thread_blocked, id=8040, stack(0x000000fc5a700000,0x000000fc5a800000)]
  0x0000027c79fa4800 JavaThread "Attach Listener" daemon [_thread_blocked, id=28700, stack(0x000000fc5a800000,0x000000fc5a900000)]
  0x0000027c79fa8000 JavaThread "Service Thread" daemon [_thread_blocked, id=8960, stack(0x000000fc5a900000,0x000000fc5aa00000)]
  0x0000027c79fb1800 JavaThread "C2 CompilerThread0" daemon [_thread_in_native, id=29060, stack(0x000000fc5aa00000,0x000000fc5ab00000)]
  0x0000027c79fc0000 JavaThread "C1 CompilerThread0" daemon [_thread_in_native, id=30624, stack(0x000000fc5ab00000,0x000000fc5ac00000)]
  0x0000027c79fc3800 JavaThread "Sweeper thread" daemon [_thread_blocked, id=15728, stack(0x000000fc5ac00000,0x000000fc5ad00000)]
  0x0000027c796e3800 JavaThread "C1 CompilerThread1" daemon [_thread_in_vm, id=34592, stack(0x000000fc5ad00000,0x000000fc5ae00000)]
  0x0000027c79fab000 JavaThread "Common-Cleaner" daemon [_thread_blocked, id=22036, stack(0x000000fc5ae00000,0x000000fc5af00000)]
  0x0000027c7a6ab000 JavaThread "C1 CompilerThread2" daemon [_thread_in_native, id=31712, stack(0x000000fc5b900000,0x000000fc5ba00000)]
  0x0000027c7b1b2000 JavaThread "C1 CompilerThread3" daemon [_thread_in_native, id=1456, stack(0x000000fc5ba00000,0x000000fc5bb00000)]
  0x0000027c79fac000 JavaThread "Daemon health stats" [_thread_blocked, id=32692, stack(0x000000fc5bb00000,0x000000fc5bc00000)]
  0x0000027c79faa800 JavaThread "Incoming local TCP Connector on port 65095" [_thread_in_native, id=19956, stack(0x000000fc5b000000,0x000000fc5b100000)]
  0x0000027c7c3ba800 JavaThread "C2 CompilerThread1" daemon [_thread_in_native, id=14868, stack(0x000000fc5b100000,0x000000fc5b200000)]
  0x0000027c79fad000 JavaThread "Daemon periodic checks" [_thread_blocked, id=31412, stack(0x000000fc5b200000,0x000000fc5b300000)]
  0x0000027c79fa7000 JavaThread "Daemon" [_thread_blocked, id=25784, stack(0x000000fc5b300000,0x000000fc5b400000)]
  0x0000027c79fa9800 JavaThread "Handler for socket connection from /127.0.0.1:65095 to /127.0.0.1:65096" [_thread_in_native, id=21456, stack(0x000000fc5bc00000,0x000000fc5bd00000)]
  0x0000027c79fad800 JavaThread "Cancel handler" [_thread_blocked, id=29572, stack(0x000000fc5bd00000,0x000000fc5be00000)]
  0x0000027c79fa8800 JavaThread "Daemon worker" [_thread_in_vm, id=3092, stack(0x000000fc5be00000,0x000000fc5bf00000)]
  0x0000027c7c666800 JavaThread "Asynchronous log dispatcher for DefaultDaemonConnection: socket connection from /127.0.0.1:65095 to /127.0.0.1:65096" [_thread_blocked, id=24936, stack(0x000000fc5bf00000,0x000000fc5c000000)]
  0x0000027c7c663000 JavaThread "Stdin handler" [_thread_blocked, id=29132, stack(0x000000fc5c000000,0x000000fc5c100000)]
  0x0000027c7c661800 JavaThread "Daemon client event forwarder" [_thread_blocked, id=31188, stack(0x000000fc5c100000,0x000000fc5c200000)]
  0x0000027c7c662000 JavaThread "Cache worker for journal cache (C:\Users\Saya\.gradle\caches\journal-1)" [_thread_blocked, id=33592, stack(0x000000fc5c200000,0x000000fc5c300000)]
  0x0000027c7c667000 JavaThread "File lock request listener" [_thread_in_native, id=33152, stack(0x000000fc5c300000,0x000000fc5c400000)]
  0x0000027c7c668000 JavaThread "Cache worker for file hash cache (C:\Users\Saya\.gradle\caches\7.5\fileHashes)" [_thread_blocked, id=24644, stack(0x000000fc5cd00000,0x000000fc5ce00000)]
  0x0000027c7d634800 JavaThread "C2 CompilerThread2" daemon [_thread_in_native, id=25476, stack(0x000000fc5ce00000,0x000000fc5cf00000)]
  0x0000027c7c665800 JavaThread "File watcher server" daemon [_thread_in_native, id=34196, stack(0x000000fc5cf00000,0x000000fc5d000000)]
  0x0000027c7c668800 JavaThread "File watcher consumer" daemon [_thread_blocked, id=12072, stack(0x000000fc5d000000,0x000000fc5d100000)]
  0x0000027c7d998000 JavaThread "C2 CompilerThread3" daemon [_thread_in_native, id=820, stack(0x000000fc5d100000,0x000000fc5d200000)]
  0x0000027c7c669800 JavaThread "jar transforms" [_thread_blocked, id=12608, stack(0x000000fc5d200000,0x000000fc5d300000)]
  0x0000027c7c664000 JavaThread "jar transforms Thread 2" [_thread_blocked, id=30048, stack(0x000000fc5d300000,0x000000fc5d400000)]
  0x0000027c7c66a800 JavaThread "jar transforms Thread 3" [_thread_blocked, id=19944, stack(0x000000fc5d400000,0x000000fc5d500000)]
  0x0000027c7c664800 JavaThread "jar transforms Thread 4" [_thread_blocked, id=24016, stack(0x000000fc5d500000,0x000000fc5d600000)]
  0x0000027c7c66d000 JavaThread "jar transforms Thread 5" [_thread_blocked, id=29752, stack(0x000000fc5d600000,0x000000fc5d700000)]
  0x0000027c7c66c000 JavaThread "jar transforms Thread 6" [_thread_blocked, id=15248, stack(0x000000fc5d700000,0x000000fc5d800000)]
  0x0000027c7c66b000 JavaThread "jar transforms Thread 7" [_thread_blocked, id=30700, stack(0x000000fc5d800000,0x000000fc5d900000)]
  0x0000027c7c66d800 JavaThread "jar transforms Thread 8" [_thread_blocked, id=24296, stack(0x000000fc5d900000,0x000000fc5da00000)]
  0x0000027c7c66f800 JavaThread "jar transforms Thread 9" [_thread_blocked, id=25204, stack(0x000000fc5da00000,0x000000fc5db00000)]
  0x0000027c7c66e800 JavaThread "jar transforms Thread 10" [_thread_blocked, id=26800, stack(0x000000fc5db00000,0x000000fc5dc00000)]
  0x0000027c7c670000 JavaThread "jar transforms Thread 11" [_thread_blocked, id=27680, stack(0x000000fc5dc00000,0x000000fc5dd00000)]
  0x0000027c00cd9800 JavaThread "jar transforms Thread 12" [_thread_blocked, id=26160, stack(0x000000fc5dd00000,0x000000fc5de00000)]
  0x0000027c00cda000 JavaThread "jar transforms Thread 13" [_thread_blocked, id=33612, stack(0x000000fc5de00000,0x000000fc5df00000)]
  0x0000027c00cd8800 JavaThread "jar transforms Thread 14" [_thread_blocked, id=19540, stack(0x000000fc5df00000,0x000000fc5e000000)]
  0x0000027c00cdc800 JavaThread "jar transforms Thread 15" [_thread_blocked, id=8928, stack(0x000000fc5e000000,0x000000fc5e100000)]
  0x0000027c00cd7800 JavaThread "jar transforms Thread 16" [_thread_blocked, id=21896, stack(0x000000fc5e100000,0x000000fc5e200000)]
=>0x0000027c7d45c800 JavaThread "C2 CompilerThread4" daemon [_thread_in_native, id=1348, stack(0x000000fc5e200000,0x000000fc5e300000)]
  0x0000027c00cdc000 JavaThread "Cache worker for checksums cache (C:\Users\Saya\AndroidStudioProjects\BookApps\.gradle\7.5\checksums)" [_thread_blocked, id=18788, stack(0x000000fc5e400000,0x000000fc5e500000)]
  0x0000027c00cdb000 JavaThread "Cache worker for cache directory md-rule (C:\Users\Saya\.gradle\caches\7.5\md-rule)" [_thread_blocked, id=24604, stack(0x000000fc5e500000,0x000000fc5e600000)]
  0x0000027c00cd7000 JavaThread "Cache worker for file content cache (C:\Users\Saya\.gradle\caches\7.5\fileContent)" [_thread_blocked, id=20512, stack(0x000000fc5e600000,0x000000fc5e700000)]
  0x0000027c00ce0000 JavaThread "Cache worker for file hash cache (C:\Users\Saya\AndroidStudioProjects\BookApps\.gradle\7.5\fileHashes)" [_thread_blocked, id=12384, stack(0x000000fc5e700000,0x000000fc5e800000)]
  0x0000027c00ce1800 JavaThread "Cache worker for cache directory md-supplier (C:\Users\Saya\.gradle\caches\7.5\md-supplier)" [_thread_blocked, id=21072, stack(0x000000fc5e800000,0x000000fc5e900000)]
  0x0000027c00ce2800 JavaThread "Cache worker for execution history cache (C:\Users\Saya\.gradle\caches\7.5\executionHistory)" [_thread_blocked, id=18192, stack(0x000000fc5e300000,0x000000fc5e400000)]

Other Threads:
  0x0000027c79f42000 VMThread "VM Thread" [stack: 0x000000fc5a400000,0x000000fc5a500000] [id=10300]
  0x0000027c7a15f000 WatcherThread [stack: 0x000000fc5af00000,0x000000fc5b000000] [id=27276]
  0x0000027c5e794800 GCTaskThread "GC Thread#0" [stack: 0x000000fc59f00000,0x000000fc5a000000] [id=10780]
  0x0000027c7afdf000 GCTaskThread "GC Thread#1" [stack: 0x000000fc5b400000,0x000000fc5b500000] [id=12332]
  0x0000027c7b7f3800 GCTaskThread "GC Thread#2" [stack: 0x000000fc5b500000,0x000000fc5b600000] [id=23548]
  0x0000027c7b4bd000 GCTaskThread "GC Thread#3" [stack: 0x000000fc5b600000,0x000000fc5b700000] [id=21488]
  0x0000027c7bb6a000 GCTaskThread "GC Thread#4" [stack: 0x000000fc5b700000,0x000000fc5b800000] [id=32316]
  0x0000027c7be45800 GCTaskThread "GC Thread#5" [stack: 0x000000fc5b800000,0x000000fc5b900000] [id=27008]
  0x0000027c7c99c000 GCTaskThread "GC Thread#6" [stack: 0x000000fc5c400000,0x000000fc5c500000] [id=7900]
  0x0000027c7c2ef800 GCTaskThread "GC Thread#7" [stack: 0x000000fc5c500000,0x000000fc5c600000] [id=29264]
  0x0000027c7caf4000 GCTaskThread "GC Thread#8" [stack: 0x000000fc5c600000,0x000000fc5c700000] [id=32336]
  0x0000027c7ca0e000 GCTaskThread "GC Thread#9" [stack: 0x000000fc5c700000,0x000000fc5c800000] [id=5372]
  0x0000027c7b2c5800 GCTaskThread "GC Thread#10" [stack: 0x000000fc5c800000,0x000000fc5c900000] [id=30272]
  0x0000027c7afff000 GCTaskThread "GC Thread#11" [stack: 0x000000fc5c900000,0x000000fc5ca00000] [id=23496]
  0x0000027c7c660800 GCTaskThread "GC Thread#12" [stack: 0x000000fc5ca00000,0x000000fc5cb00000] [id=34232]
  0x0000027c5e7c7800 ConcurrentGCThread "G1 Main Marker" [stack: 0x000000fc5a000000,0x000000fc5a100000] [id=18344]
  0x0000027c5e7c9800 ConcurrentGCThread "G1 Conc#0" [stack: 0x000000fc5a100000,0x000000fc5a200000] [id=6344]
  0x0000027c7ba48800 ConcurrentGCThread "G1 Conc#1" [stack: 0x000000fc5cb00000,0x000000fc5cc00000] [id=9760]
  0x0000027c7c75d000 ConcurrentGCThread "G1 Conc#2" [stack: 0x000000fc5cc00000,0x000000fc5cd00000] [id=32200]
  0x0000027c7958f800 ConcurrentGCThread "G1 Refine#0" [stack: 0x000000fc5a200000,0x000000fc5a300000] [id=23060]
  0x0000027c79590800 ConcurrentGCThread "G1 Young RemSet Sampling" [stack: 0x000000fc5a300000,0x000000fc5a400000] [id=12548]

Threads with active compile tasks:
C2 CompilerThread0     3180 4566       4       java.lang.String::split (324 bytes)
C2 CompilerThread1     3180 4203   !   4       java.net.URLClassLoader$1::run (81 bytes)
C2 CompilerThread2     3180 4202       4       java.net.URLClassLoader$1::run (5 bytes)
C2 CompilerThread3     3181 4487       4       groovy.lang.MetaClassImpl$1MOPIter::methodNameAction (325 bytes)
C2 CompilerThread4     3181 4551       4       java.lang.PublicMethods::merge (81 bytes)

VM state:not at safepoint (normal execution)

VM Mutex/Monitor currently owned by a thread: None

Heap address: 0x0000000080000000, size: 2048 MB, Compressed Oops mode: 32-bit
Narrow klass base: 0x0000000000000000, Narrow klass shift: 3
Compressed class space size: 1073741824 Address: 0x0000000100000000

Heap:
 garbage-first heap   total 260096K, used 85893K [0x0000000080000000, 0x0000000100000000)
  region size 1024K, 19 young (19456K), 16 survivors (16384K)
 Metaspace       used 47051K, capacity 48342K, committed 48464K, reserved 1091584K
  class space    used 5899K, capacity 6369K, committed 6400K, reserved 1048576K
Heap Regions: E=young(eden), S=young(survivor), O=old, HS=humongous(starts), HC=humongous(continues), CS=collection set, F=free, A=archive, TAMS=top-at-mark-start (previous, next)
|   0|0x0000000080000000, 0x0000000080100000, 0x0000000080100000|100%| O|  |TAMS 0x0000000080100000, 0x0000000080000000| Untracked 
|   1|0x0000000080100000, 0x0000000080200000, 0x0000000080200000|100%| O|  |TAMS 0x0000000080200000, 0x0000000080100000| Untracked 
|   2|0x0000000080200000, 0x0000000080300000, 0x0000000080300000|100%| O|  |TAMS 0x0000000080300000, 0x0000000080200000| Untracked 
|   3|0x0000000080300000, 0x0000000080400000, 0x0000000080400000|100%|HS|  |TAMS 0x0000000080400000, 0x0000000080300000| Complete 
|   4|0x0000000080400000, 0x0000000080500000, 0x0000000080500000|100%|HC|  |TAMS 0x0000000080500000, 0x0000000080400000| Complete 
|   5|0x0000000080500000, 0x0000000080600000, 0x0000000080600000|100%|HC|  |TAMS 0x0000000080600000, 0x0000000080500000| Complete 
|   6|0x0000000080600000, 0x0000000080700000, 0x0000000080700000|100%| O|  |TAMS 0x0000000080700000, 0x0000000080600000| Untracked 
|   7|0x0000000080700000, 0x0000000080800000, 0x0000000080800000|100%| O|  |TAMS 0x0000000080800000, 0x0000000080700000| Untracked 
|   8|0x0000000080800000, 0x0000000080900000, 0x0000000080900000|100%| O|  |TAMS 0x0000000080900000, 0x0000000080800000| Untracked 
|   9|0x0000000080900000, 0x0000000080a00000, 0x0000000080a00000|100%| O|  |TAMS 0x0000000080a00000, 0x0000000080900000| Untracked 
|  10|0x0000000080a00000, 0x0000000080b00000, 0x0000000080b00000|100%| O|  |TAMS 0x0000000080b00000, 0x0000000080a00000| Untracked 
|  11|0x0000000080b00000, 0x0000000080c00000, 0x0000000080c00000|100%| O|  |TAMS 0x0000000080c00000, 0x0000000080b00000| Untracked 
|  12|0x0000000080c00000, 0x0000000080d00000, 0x0000000080d00000|100%| O|  |TAMS 0x0000000080d00000, 0x0000000080c00000| Untracked 
|  13|0x0000000080d00000, 0x0000000080e00000, 0x0000000080e00000|100%| O|  |TAMS 0x0000000080e00000, 0x0000000080d00000| Untracked 
|  14|0x0000000080e00000, 0x0000000080f00000, 0x0000000080f00000|100%| O|  |TAMS 0x0000000080f00000, 0x0000000080e00000| Untracked 
|  15|0x0000000080f00000, 0x0000000081000000, 0x0000000081000000|100%| O|  |TAMS 0x0000000080ff5400, 0x0000000080f00000| Untracked 
|  16|0x0000000081000000, 0x0000000081100000, 0x0000000081100000|100%|HS|  |TAMS 0x0000000081100000, 0x0000000081000000| Complete 
|  17|0x0000000081100000, 0x0000000081200000, 0x0000000081200000|100%|HC|  |TAMS 0x0000000081200000, 0x0000000081100000| Complete 
|  18|0x0000000081200000, 0x0000000081300000, 0x0000000081300000|100%|HS|  |TAMS 0x0000000081300000, 0x0000000081200000| Complete 
|  19|0x0000000081300000, 0x0000000081400000, 0x0000000081400000|100%|HC|  |TAMS 0x0000000081400000, 0x0000000081300000| Complete 
|  20|0x0000000081400000, 0x0000000081500000, 0x0000000081500000|100%|HC|  |TAMS 0x0000000081500000, 0x0000000081400000| Complete 
|  21|0x0000000081500000, 0x0000000081600000, 0x0000000081600000|100%|HS|  |TAMS 0x0000000081600000, 0x0000000081500000| Complete 
|  22|0x0000000081600000, 0x0000000081700000, 0x0000000081700000|100%|HC|  |TAMS 0x0000000081700000, 0x0000000081600000| Complete 
|  23|0x0000000081700000, 0x0000000081800000, 0x0000000081800000|100%|HC|  |TAMS 0x0000000081800000, 0x0000000081700000| Complete 
|  24|0x0000000081800000, 0x0000000081900000, 0x0000000081900000|100%|HS|  |TAMS 0x0000000081900000, 0x0000000081800000| Complete 
|  25|0x0000000081900000, 0x0000000081a00000, 0x0000000081a00000|100%|HC|  |TAMS 0x0000000081a00000, 0x0000000081900000| Complete 
|  26|0x0000000081a00000, 0x0000000081b00000, 0x0000000081b00000|100%|HS|  |TAMS 0x0000000081b00000, 0x0000000081a00000| Complete 
|  27|0x0000000081b00000, 0x0000000081c00000, 0x0000000081c00000|100%|HC|  |TAMS 0x0000000081c00000, 0x0000000081b00000| Complete 
|  28|0x0000000081c00000, 0x0000000081d00000, 0x0000000081d00000|100%|HC|  |TAMS 0x0000000081d00000, 0x0000000081c00000| Complete 
|  29|0x0000000081d00000, 0x0000000081e00000, 0x0000000081e00000|100%|HC|  |TAMS 0x0000000081e00000, 0x0000000081d00000| Complete 
|  30|0x0000000081e00000, 0x0000000081f00000, 0x0000000081f00000|100%|HC|  |TAMS 0x0000000081f00000, 0x0000000081e00000| Complete 
|  31|0x0000000081f00000, 0x0000000082000000, 0x0000000082000000|100%|HC|  |TAMS 0x0000000082000000, 0x0000000081f00000| Complete 
|  32|0x0000000082000000, 0x0000000082100000, 0x0000000082100000|100%|HC|  |TAMS 0x0000000082100000, 0x0000000082000000| Complete 
|  33|0x0000000082100000, 0x0000000082200000, 0x0000000082200000|100%|HC|  |TAMS 0x0000000082200000, 0x0000000082100000| Complete 
|  34|0x0000000082200000, 0x0000000082300000, 0x0000000082300000|100%|HC|  |TAMS 0x0000000082300000, 0x0000000082200000| Complete 
|  35|0x0000000082300000, 0x0000000082400000, 0x0000000082400000|100%|HC|  |TAMS 0x0000000082400000, 0x0000000082300000| Complete 
|  36|0x0000000082400000, 0x0000000082500000, 0x0000000082500000|100%|HS|  |TAMS 0x0000000082500000, 0x0000000082400000| Complete 
|  37|0x0000000082500000, 0x0000000082600000, 0x0000000082600000|100%|HC|  |TAMS 0x0000000082600000, 0x0000000082500000| Complete 
|  38|0x0000000082600000, 0x0000000082700000, 0x0000000082700000|100%|HS|  |TAMS 0x0000000082700000, 0x0000000082600000| Complete 
|  39|0x0000000082700000, 0x0000000082800000, 0x0000000082800000|100%|HC|  |TAMS 0x0000000082800000, 0x0000000082700000| Complete 
|  40|0x0000000082800000, 0x0000000082900000, 0x0000000082900000|100%|HC|  |TAMS 0x0000000082900000, 0x0000000082800000| Complete 
|  41|0x0000000082900000, 0x0000000082a00000, 0x0000000082a00000|100%|HC|  |TAMS 0x0000000082a00000, 0x0000000082900000| Complete 
|  42|0x0000000082a00000, 0x0000000082b00000, 0x0000000082b00000|100%|HC|  |TAMS 0x0000000082b00000, 0x0000000082a00000| Complete 
|  43|0x0000000082b00000, 0x0000000082b00000, 0x0000000082c00000|  0%| F|  |TAMS 0x0000000082b00000, 0x0000000082b00000| Untracked 
|  44|0x0000000082c00000, 0x0000000082c00000, 0x0000000082d00000|  0%| F|  |TAMS 0x0000000082c00000, 0x0000000082c00000| Untracked 
|  45|0x0000000082d00000, 0x0000000082d00000, 0x0000000082e00000|  0%| F|  |TAMS 0x0000000082d00000, 0x0000000082d00000| Untracked 
|  46|0x0000000082e00000, 0x0000000082f00000, 0x0000000082f00000|100%|HS|  |TAMS 0x0000000082e00000, 0x0000000082e00000| Complete 
|  47|0x0000000082f00000, 0x0000000083000000, 0x0000000083000000|100%|HC|  |TAMS 0x0000000082f00000, 0x0000000082f00000| Complete 
|  48|0x0000000083000000, 0x0000000083100000, 0x0000000083100000|100%|HC|  |TAMS 0x0000000083000000, 0x0000000083000000| Complete 
|  49|0x0000000083100000, 0x0000000083200000, 0x0000000083200000|100%|HC|  |TAMS 0x0000000083100000, 0x0000000083100000| Complete 
|  50|0x0000000083200000, 0x0000000083300000, 0x0000000083300000|100%|HC|  |TAMS 0x0000000083200000, 0x0000000083200000| Complete 
|  51|0x0000000083300000, 0x0000000083400000, 0x0000000083400000|100%|HC|  |TAMS 0x0000000083300000, 0x0000000083300000| Complete 
|  52|0x0000000083400000, 0x0000000083500000, 0x0000000083500000|100%|HC|  |TAMS 0x0000000083400000, 0x0000000083400000| Complete 
|  53|0x0000000083500000, 0x0000000083600000, 0x0000000083600000|100%|HC|  |TAMS 0x0000000083500000, 0x0000000083500000| Complete 
|  54|0x0000000083600000, 0x0000000083700000, 0x0000000083700000|100%|HC|  |TAMS 0x0000000083600000, 0x0000000083600000| Complete 
|  55|0x0000000083700000, 0x0000000083800000, 0x0000000083800000|100%|HC|  |TAMS 0x0000000083700000, 0x0000000083700000| Complete 
|  56|0x0000000083800000, 0x0000000083900000, 0x0000000083900000|100%|HS|  |TAMS 0x0000000083800000, 0x0000000083800000| Complete 
|  57|0x0000000083900000, 0x0000000083a00000, 0x0000000083a00000|100%|HC|  |TAMS 0x0000000083900000, 0x0000000083900000| Complete 
|  58|0x0000000083a00000, 0x0000000083b00000, 0x0000000083b00000|100%|HS|  |TAMS 0x0000000083a00000, 0x0000000083a00000| Complete 
|  59|0x0000000083b00000, 0x0000000083c00000, 0x0000000083c00000|100%|HC|  |TAMS 0x0000000083b00000, 0x0000000083b00000| Complete 
|  60|0x0000000083c00000, 0x0000000083d00000, 0x0000000083d00000|100%|HC|  |TAMS 0x0000000083c00000, 0x0000000083c00000| Complete 
|  61|0x0000000083d00000, 0x0000000083e00000, 0x0000000083e00000|100%|HS|  |TAMS 0x0000000083d00000, 0x0000000083d00000| Complete 
|  62|0x0000000083e00000, 0x0000000083f00000, 0x0000000083f00000|100%|HC|  |TAMS 0x0000000083e00000, 0x0000000083e00000| Complete 
|  63|0x0000000083f00000, 0x0000000084000000, 0x0000000084000000|100%|HS|  |TAMS 0x0000000083f00000, 0x0000000083f00000| Complete 
|  64|0x0000000084000000, 0x0000000084100000, 0x0000000084100000|100%|HC|  |TAMS 0x0000000084000000, 0x0000000084000000| Complete 
|  65|0x0000000084100000, 0x0000000084200000, 0x0000000084200000|100%|HC|  |TAMS 0x0000000084100000, 0x0000000084100000| Complete 
|  66|0x0000000084200000, 0x0000000084200000, 0x0000000084300000|  0%| F|  |TAMS 0x0000000084200000, 0x0000000084200000| Untracked 
|  67|0x0000000084300000, 0x0000000084400000, 0x0000000084400000|100%| O|  |TAMS 0x0000000084300000, 0x0000000084300000| Untracked 
|  68|0x0000000084400000, 0x0000000084500000, 0x0000000084500000|100%| O|  |TAMS 0x0000000084400000, 0x0000000084400000| Untracked 
|  69|0x0000000084500000, 0x00000000845e1400, 0x0000000084600000| 87%| O|  |TAMS 0x0000000084500000, 0x0000000084500000| Untracked 
|  70|0x0000000084600000, 0x0000000084600000, 0x0000000084700000|  0%| F|  |TAMS 0x0000000084600000, 0x0000000084600000| Untracked 
|  71|0x0000000084700000, 0x0000000084700000, 0x0000000084800000|  0%| F|  |TAMS 0x0000000084700000, 0x0000000084700000| Untracked 
|  72|0x0000000084800000, 0x0000000084800000, 0x0000000084900000|  0%| F|  |TAMS 0x0000000084800000, 0x0000000084800000| Untracked 
|  73|0x0000000084900000, 0x0000000084900000, 0x0000000084a00000|  0%| F|  |TAMS 0x0000000084900000, 0x0000000084900000| Untracked 
|  74|0x0000000084a00000, 0x0000000084a00000, 0x0000000084b00000|  0%| F|  |TAMS 0x0000000084a00000, 0x0000000084a00000| Untracked 
|  75|0x0000000084b00000, 0x0000000084b00000, 0x0000000084c00000|  0%| F|  |TAMS 0x0000000084b00000, 0x0000000084b00000| Untracked 
|  76|0x0000000084c00000, 0x0000000084c00000, 0x0000000084d00000|  0%| F|  |TAMS 0x0000000084c00000, 0x0000000084c00000| Untracked 
|  77|0x0000000084d00000, 0x0000000084d00000, 0x0000000084e00000|  0%| F|  |TAMS 0x0000000084d00000, 0x0000000084d00000| Untracked 
|  78|0x0000000084e00000, 0x0000000084e00000, 0x0000000084f00000|  0%| F|  |TAMS 0x0000000084e00000, 0x0000000084e00000| Untracked 
|  79|0x0000000084f00000, 0x0000000084f00000, 0x0000000085000000|  0%| F|  |TAMS 0x0000000084f00000, 0x0000000084f00000| Untracked 
|  80|0x0000000085000000, 0x0000000085000000, 0x0000000085100000|  0%| F|  |TAMS 0x0000000085000000, 0x0000000085000000| Untracked 
|  81|0x0000000085100000, 0x0000000085100000, 0x0000000085200000|  0%| F|  |TAMS 0x0000000085100000, 0x0000000085100000| Untracked 
|  82|0x0000000085200000, 0x0000000085200000, 0x0000000085300000|  0%| F|  |TAMS 0x0000000085200000, 0x0000000085200000| Untracked 
|  83|0x0000000085300000, 0x0000000085300000, 0x0000000085400000|  0%| F|  |TAMS 0x0000000085300000, 0x0000000085300000| Untracked 
|  84|0x0000000085400000, 0x0000000085400000, 0x0000000085500000|  0%| F|  |TAMS 0x0000000085400000, 0x0000000085400000| Untracked 
|  85|0x0000000085500000, 0x0000000085500000, 0x0000000085600000|  0%| F|  |TAMS 0x0000000085500000, 0x0000000085500000| Untracked 
|  86|0x0000000085600000, 0x0000000085600000, 0x0000000085700000|  0%| F|  |TAMS 0x0000000085600000, 0x0000000085600000| Untracked 
|  87|0x0000000085700000, 0x0000000085700000, 0x0000000085800000|  0%| F|  |TAMS 0x0000000085700000, 0x0000000085700000| Untracked 
|  88|0x0000000085800000, 0x0000000085800000, 0x0000000085900000|  0%| F|  |TAMS 0x0000000085800000, 0x0000000085800000| Untracked 
|  89|0x0000000085900000, 0x0000000085900000, 0x0000000085a00000|  0%| F|  |TAMS 0x0000000085900000, 0x0000000085900000| Untracked 
|  90|0x0000000085a00000, 0x0000000085a00000, 0x0000000085b00000|  0%| F|  |TAMS 0x0000000085a00000, 0x0000000085a00000| Untracked 
|  91|0x0000000085b00000, 0x0000000085b00000, 0x0000000085c00000|  0%| F|  |TAMS 0x0000000085b00000, 0x0000000085b00000| Untracked 
|  92|0x0000000085c00000, 0x0000000085c00000, 0x0000000085d00000|  0%| F|  |TAMS 0x0000000085c00000, 0x0000000085c00000| Untracked 
|  93|0x0000000085d00000, 0x0000000085d00000, 0x0000000085e00000|  0%| F|  |TAMS 0x0000000085d00000, 0x0000000085d00000| Untracked 
|  94|0x0000000085e00000, 0x0000000085e00000, 0x0000000085f00000|  0%| F|  |TAMS 0x0000000085e00000, 0x0000000085e00000| Untracked 
|  95|0x0000000085f00000, 0x0000000085f00000, 0x0000000086000000|  0%| F|  |TAMS 0x0000000085f00000, 0x0000000085f00000| Untracked 
|  96|0x0000000086000000, 0x0000000086000000, 0x0000000086100000|  0%| F|  |TAMS 0x0000000086000000, 0x0000000086000000| Untracked 
|  97|0x0000000086100000, 0x0000000086100000, 0x0000000086200000|  0%| F|  |TAMS 0x0000000086100000, 0x0000000086100000| Untracked 
|  98|0x0000000086200000, 0x0000000086200000, 0x0000000086300000|  0%| F|  |TAMS 0x0000000086200000, 0x0000000086200000| Untracked 
|  99|0x0000000086300000, 0x0000000086300000, 0x0000000086400000|  0%| F|  |TAMS 0x0000000086300000, 0x0000000086300000| Untracked 
| 100|0x0000000086400000, 0x0000000086400000, 0x0000000086500000|  0%| F|  |TAMS 0x0000000086400000, 0x0000000086400000| Untracked 
| 101|0x0000000086500000, 0x0000000086500000, 0x0000000086600000|  0%| F|  |TAMS 0x0000000086500000, 0x0000000086500000| Untracked 
| 102|0x0000000086600000, 0x0000000086600000, 0x0000000086700000|  0%| F|  |TAMS 0x0000000086600000, 0x0000000086600000| Untracked 
| 103|0x0000000086700000, 0x0000000086700000, 0x0000000086800000|  0%| F|  |TAMS 0x0000000086700000, 0x0000000086700000| Untracked 
| 104|0x0000000086800000, 0x0000000086800000, 0x0000000086900000|  0%| F|  |TAMS 0x0000000086800000, 0x0000000086800000| Untracked 
| 105|0x0000000086900000, 0x0000000086900000, 0x0000000086a00000|  0%| F|  |TAMS 0x0000000086900000, 0x0000000086900000| Untracked 
| 106|0x0000000086a00000, 0x0000000086a00000, 0x0000000086b00000|  0%| F|  |TAMS 0x0000000086a00000, 0x0000000086a00000| Untracked 
| 107|0x0000000086b00000, 0x0000000086b00000, 0x0000000086c00000|  0%| F|  |TAMS 0x0000000086b00000, 0x0000000086b00000| Untracked 
| 108|0x0000000086c00000, 0x0000000086c00000, 0x0000000086d00000|  0%| F|  |TAMS 0x0000000086c00000, 0x0000000086c00000| Untracked 
| 109|0x0000000086d00000, 0x0000000086d00000, 0x0000000086e00000|  0%| F|  |TAMS 0x0000000086d00000, 0x0000000086d00000| Untracked 
| 110|0x0000000086e00000, 0x0000000086e00000, 0x0000000086f00000|  0%| F|  |TAMS 0x0000000086e00000, 0x0000000086e00000| Untracked 
| 111|0x0000000086f00000, 0x0000000087000000, 0x0000000087000000|100%| S|CS|TAMS 0x0000000086f00000, 0x0000000086f00000| Complete 
| 112|0x0000000087000000, 0x0000000087100000, 0x0000000087100000|100%| S|CS|TAMS 0x0000000087000000, 0x0000000087000000| Complete 
| 113|0x0000000087100000, 0x0000000087200000, 0x0000000087200000|100%| S|CS|TAMS 0x0000000087100000, 0x0000000087100000| Complete 
| 114|0x0000000087200000, 0x0000000087300000, 0x0000000087300000|100%| S|CS|TAMS 0x0000000087200000, 0x0000000087200000| Complete 
| 115|0x0000000087300000, 0x0000000087400000, 0x0000000087400000|100%| S|CS|TAMS 0x0000000087300000, 0x0000000087300000| Complete 
| 116|0x0000000087400000, 0x0000000087500000, 0x0000000087500000|100%| S|CS|TAMS 0x0000000087400000, 0x0000000087400000| Complete 
| 117|0x0000000087500000, 0x0000000087600000, 0x0000000087600000|100%| S|CS|TAMS 0x0000000087500000, 0x0000000087500000| Complete 
| 118|0x0000000087600000, 0x0000000087700000, 0x0000000087700000|100%| S|CS|TAMS 0x0000000087600000, 0x0000000087600000| Complete 
| 119|0x0000000087700000, 0x0000000087800000, 0x0000000087800000|100%| S|CS|TAMS 0x0000000087700000, 0x0000000087700000| Complete 
| 120|0x0000000087800000, 0x0000000087900000, 0x0000000087900000|100%| S|CS|TAMS 0x0000000087800000, 0x0000000087800000| Complete 
| 121|0x0000000087900000, 0x0000000087a00000, 0x0000000087a00000|100%| S|CS|TAMS 0x0000000087900000, 0x0000000087900000| Complete 
| 122|0x0000000087a00000, 0x0000000087b00000, 0x0000000087b00000|100%| S|CS|TAMS 0x0000000087a00000, 0x0000000087a00000| Complete 
| 123|0x0000000087b00000, 0x0000000087c00000, 0x0000000087c00000|100%| S|CS|TAMS 0x0000000087b00000, 0x0000000087b00000| Complete 
| 124|0x0000000087c00000, 0x0000000087d00000, 0x0000000087d00000|100%| S|CS|TAMS 0x0000000087c00000, 0x0000000087c00000| Complete 
| 125|0x0000000087d00000, 0x0000000087e00000, 0x0000000087e00000|100%| S|CS|TAMS 0x0000000087d00000, 0x0000000087d00000| Complete 
| 126|0x0000000087e00000, 0x0000000087f00000, 0x0000000087f00000|100%| S|CS|TAMS 0x0000000087e00000, 0x0000000087e00000| Complete 
| 127|0x0000000087f00000, 0x0000000087f00000, 0x0000000088000000|  0%| F|  |TAMS 0x0000000087f00000, 0x0000000087f00000| Untracked 
| 128|0x0000000088000000, 0x0000000088000000, 0x0000000088100000|  0%| F|  |TAMS 0x0000000088000000, 0x0000000088000000| Untracked 
| 129|0x0000000088100000, 0x0000000088100000, 0x0000000088200000|  0%| F|  |TAMS 0x0000000088100000, 0x0000000088100000| Untracked 
| 130|0x0000000088200000, 0x0000000088200000, 0x0000000088300000|  0%| F|  |TAMS 0x0000000088200000, 0x0000000088200000| Untracked 
| 131|0x0000000088300000, 0x0000000088300000, 0x0000000088400000|  0%| F|  |TAMS 0x0000000088300000, 0x0000000088300000| Untracked 
| 132|0x0000000088400000, 0x0000000088400000, 0x0000000088500000|  0%| F|  |TAMS 0x0000000088400000, 0x0000000088400000| Untracked 
| 133|0x0000000088500000, 0x0000000088500000, 0x0000000088600000|  0%| F|  |TAMS 0x0000000088500000, 0x0000000088500000| Untracked 
| 134|0x0000000088600000, 0x0000000088600000, 0x0000000088700000|  0%| F|  |TAMS 0x0000000088600000, 0x0000000088600000| Untracked 
| 135|0x0000000088700000, 0x0000000088700000, 0x0000000088800000|  0%| F|  |TAMS 0x0000000088700000, 0x0000000088700000| Untracked 
| 136|0x0000000088800000, 0x0000000088800000, 0x0000000088900000|  0%| F|  |TAMS 0x0000000088800000, 0x0000000088800000| Untracked 
| 137|0x0000000088900000, 0x0000000088900000, 0x0000000088a00000|  0%| F|  |TAMS 0x0000000088900000, 0x0000000088900000| Untracked 
| 138|0x0000000088a00000, 0x0000000088a00000, 0x0000000088b00000|  0%| F|  |TAMS 0x0000000088a00000, 0x0000000088a00000| Untracked 
| 139|0x0000000088b00000, 0x0000000088b00000, 0x0000000088c00000|  0%| F|  |TAMS 0x0000000088b00000, 0x0000000088b00000| Untracked 
| 140|0x0000000088c00000, 0x0000000088c00000, 0x0000000088d00000|  0%| F|  |TAMS 0x0000000088c00000, 0x0000000088c00000| Untracked 
| 141|0x0000000088d00000, 0x0000000088d00000, 0x0000000088e00000|  0%| F|  |TAMS 0x0000000088d00000, 0x0000000088d00000| Untracked 
| 142|0x0000000088e00000, 0x0000000088e00000, 0x0000000088f00000|  0%| F|  |TAMS 0x0000000088e00000, 0x0000000088e00000| Untracked 
| 143|0x0000000088f00000, 0x0000000088f00000, 0x0000000089000000|  0%| F|  |TAMS 0x0000000088f00000, 0x0000000088f00000| Untracked 
| 144|0x0000000089000000, 0x0000000089000000, 0x0000000089100000|  0%| F|  |TAMS 0x0000000089000000, 0x0000000089000000| Untracked 
| 145|0x0000000089100000, 0x0000000089100000, 0x0000000089200000|  0%| F|  |TAMS 0x0000000089100000, 0x0000000089100000| Untracked 
| 146|0x0000000089200000, 0x0000000089200000, 0x0000000089300000|  0%| F|  |TAMS 0x0000000089200000, 0x0000000089200000| Untracked 
| 147|0x0000000089300000, 0x0000000089300000, 0x0000000089400000|  0%| F|  |TAMS 0x0000000089300000, 0x0000000089300000| Untracked 
| 148|0x0000000089400000, 0x0000000089400000, 0x0000000089500000|  0%| F|  |TAMS 0x0000000089400000, 0x0000000089400000| Untracked 
| 149|0x0000000089500000, 0x0000000089500000, 0x0000000089600000|  0%| F|  |TAMS 0x0000000089500000, 0x0000000089500000| Untracked 
| 150|0x0000000089600000, 0x0000000089600000, 0x0000000089700000|  0%| F|  |TAMS 0x0000000089600000, 0x0000000089600000| Untracked 
| 151|0x0000000089700000, 0x0000000089700000, 0x0000000089800000|  0%| F|  |TAMS 0x0000000089700000, 0x0000000089700000| Untracked 
| 152|0x0000000089800000, 0x0000000089800000, 0x0000000089900000|  0%| F|  |TAMS 0x0000000089800000, 0x0000000089800000| Untracked 
| 153|0x0000000089900000, 0x0000000089900000, 0x0000000089a00000|  0%| F|  |TAMS 0x0000000089900000, 0x0000000089900000| Untracked 
| 154|0x0000000089a00000, 0x0000000089a00000, 0x0000000089b00000|  0%| F|  |TAMS 0x0000000089a00000, 0x0000000089a00000| Untracked 
| 155|0x0000000089b00000, 0x0000000089b00000, 0x0000000089c00000|  0%| F|  |TAMS 0x0000000089b00000, 0x0000000089b00000| Untracked 
| 156|0x0000000089c00000, 0x0000000089c00000, 0x0000000089d00000|  0%| F|  |TAMS 0x0000000089c00000, 0x0000000089c00000| Untracked 
| 157|0x0000000089d00000, 0x0000000089d00000, 0x0000000089e00000|  0%| F|  |TAMS 0x0000000089d00000, 0x0000000089d00000| Untracked 
| 158|0x0000000089e00000, 0x0000000089e00000, 0x0000000089f00000|  0%| F|  |TAMS 0x0000000089e00000, 0x0000000089e00000| Untracked 
| 159|0x0000000089f00000, 0x0000000089f00000, 0x000000008a000000|  0%| F|  |TAMS 0x0000000089f00000, 0x0000000089f00000| Untracked 
| 160|0x000000008a000000, 0x000000008a000000, 0x000000008a100000|  0%| F|  |TAMS 0x000000008a000000, 0x000000008a000000| Untracked 
| 161|0x000000008a100000, 0x000000008a100000, 0x000000008a200000|  0%| F|  |TAMS 0x000000008a100000, 0x000000008a100000| Untracked 
| 162|0x000000008a200000, 0x000000008a200000, 0x000000008a300000|  0%| F|  |TAMS 0x000000008a200000, 0x000000008a200000| Untracked 
| 163|0x000000008a300000, 0x000000008a300000, 0x000000008a400000|  0%| F|  |TAMS 0x000000008a300000, 0x000000008a300000| Untracked 
| 164|0x000000008a400000, 0x000000008a400000, 0x000000008a500000|  0%| F|  |TAMS 0x000000008a400000, 0x000000008a400000| Untracked 
| 165|0x000000008a500000, 0x000000008a500000, 0x000000008a600000|  0%| F|  |TAMS 0x000000008a500000, 0x000000008a500000| Untracked 
| 166|0x000000008a600000, 0x000000008a600000, 0x000000008a700000|  0%| F|  |TAMS 0x000000008a600000, 0x000000008a600000| Untracked 
| 167|0x000000008a700000, 0x000000008a700000, 0x000000008a800000|  0%| F|  |TAMS 0x000000008a700000, 0x000000008a700000| Untracked 
| 168|0x000000008a800000, 0x000000008a800000, 0x000000008a900000|  0%| F|  |TAMS 0x000000008a800000, 0x000000008a800000| Untracked 
| 169|0x000000008a900000, 0x000000008a900000, 0x000000008aa00000|  0%| F|  |TAMS 0x000000008a900000, 0x000000008a900000| Untracked 
| 170|0x000000008aa00000, 0x000000008aa00000, 0x000000008ab00000|  0%| F|  |TAMS 0x000000008aa00000, 0x000000008aa00000| Untracked 
| 171|0x000000008ab00000, 0x000000008ab00000, 0x000000008ac00000|  0%| F|  |TAMS 0x000000008ab00000, 0x000000008ab00000| Untracked 
| 172|0x000000008ac00000, 0x000000008ac00000, 0x000000008ad00000|  0%| F|  |TAMS 0x000000008ac00000, 0x000000008ac00000| Untracked 
| 173|0x000000008ad00000, 0x000000008ad00000, 0x000000008ae00000|  0%| F|  |TAMS 0x000000008ad00000, 0x000000008ad00000| Untracked 
| 174|0x000000008ae00000, 0x000000008ae00000, 0x000000008af00000|  0%| F|  |TAMS 0x000000008ae00000, 0x000000008ae00000| Untracked 
| 175|0x000000008af00000, 0x000000008af00000, 0x000000008b000000|  0%| F|  |TAMS 0x000000008af00000, 0x000000008af00000| Untracked 
| 176|0x000000008b000000, 0x000000008b000000, 0x000000008b100000|  0%| F|  |TAMS 0x000000008b000000, 0x000000008b000000| Untracked 
| 177|0x000000008b100000, 0x000000008b100000, 0x000000008b200000|  0%| F|  |TAMS 0x000000008b100000, 0x000000008b100000| Untracked 
| 178|0x000000008b200000, 0x000000008b200000, 0x000000008b300000|  0%| F|  |TAMS 0x000000008b200000, 0x000000008b200000| Untracked 
| 179|0x000000008b300000, 0x000000008b300000, 0x000000008b400000|  0%| F|  |TAMS 0x000000008b300000, 0x000000008b300000| Untracked 
| 180|0x000000008b400000, 0x000000008b400000, 0x000000008b500000|  0%| F|  |TAMS 0x000000008b400000, 0x000000008b400000| Untracked 
| 181|0x000000008b500000, 0x000000008b500000, 0x000000008b600000|  0%| F|  |TAMS 0x000000008b500000, 0x000000008b500000| Untracked 
| 182|0x000000008b600000, 0x000000008b600000, 0x000000008b700000|  0%| F|  |TAMS 0x000000008b600000, 0x000000008b600000| Untracked 
| 183|0x000000008b700000, 0x000000008b700000, 0x000000008b800000|  0%| F|  |TAMS 0x000000008b700000, 0x000000008b700000| Untracked 
| 184|0x000000008b800000, 0x000000008b800000, 0x000000008b900000|  0%| F|  |TAMS 0x000000008b800000, 0x000000008b800000| Untracked 
| 185|0x000000008b900000, 0x000000008b900000, 0x000000008ba00000|  0%| F|  |TAMS 0x000000008b900000, 0x000000008b900000| Untracked 
| 186|0x000000008ba00000, 0x000000008ba00000, 0x000000008bb00000|  0%| F|  |TAMS 0x000000008ba00000, 0x000000008ba00000| Untracked 
| 187|0x000000008bb00000, 0x000000008bb00000, 0x000000008bc00000|  0%| F|  |TAMS 0x000000008bb00000, 0x000000008bb00000| Untracked 
| 188|0x000000008bc00000, 0x000000008bc00000, 0x000000008bd00000|  0%| F|  |TAMS 0x000000008bc00000, 0x000000008bc00000| Untracked 
| 189|0x000000008bd00000, 0x000000008bd00000, 0x000000008be00000|  0%| F|  |TAMS 0x000000008bd00000, 0x000000008bd00000| Untracked 
| 190|0x000000008be00000, 0x000000008be00000, 0x000000008bf00000|  0%| F|  |TAMS 0x000000008be00000, 0x000000008be00000| Untracked 
| 191|0x000000008bf00000, 0x000000008bf00000, 0x000000008c000000|  0%| F|  |TAMS 0x000000008bf00000, 0x000000008bf00000| Untracked 
| 192|0x000000008c000000, 0x000000008c000000, 0x000000008c100000|  0%| F|  |TAMS 0x000000008c000000, 0x000000008c000000| Untracked 
| 193|0x000000008c100000, 0x000000008c100000, 0x000000008c200000|  0%| F|  |TAMS 0x000000008c100000, 0x000000008c100000| Untracked 
| 194|0x000000008c200000, 0x000000008c200000, 0x000000008c300000|  0%| F|  |TAMS 0x000000008c200000, 0x000000008c200000| Untracked 
| 195|0x000000008c300000, 0x000000008c300000, 0x000000008c400000|  0%| F|  |TAMS 0x000000008c300000, 0x000000008c300000| Untracked 
| 196|0x000000008c400000, 0x000000008c400000, 0x000000008c500000|  0%| F|  |TAMS 0x000000008c400000, 0x000000008c400000| Untracked 
| 197|0x000000008c500000, 0x000000008c500000, 0x000000008c600000|  0%| F|  |TAMS 0x000000008c500000, 0x000000008c500000| Untracked 
| 198|0x000000008c600000, 0x000000008c600000, 0x000000008c700000|  0%| F|  |TAMS 0x000000008c600000, 0x000000008c600000| Untracked 
| 199|0x000000008c700000, 0x000000008c700000, 0x000000008c800000|  0%| F|  |TAMS 0x000000008c700000, 0x000000008c700000| Untracked 
| 200|0x000000008c800000, 0x000000008c800000, 0x000000008c900000|  0%| F|  |TAMS 0x000000008c800000, 0x000000008c800000| Untracked 
| 201|0x000000008c900000, 0x000000008c900000, 0x000000008ca00000|  0%| F|  |TAMS 0x000000008c900000, 0x000000008c900000| Untracked 
| 202|0x000000008ca00000, 0x000000008ca00000, 0x000000008cb00000|  0%| F|  |TAMS 0x000000008ca00000, 0x000000008ca00000| Untracked 
| 203|0x000000008cb00000, 0x000000008cb00000, 0x000000008cc00000|  0%| F|  |TAMS 0x000000008cb00000, 0x000000008cb00000| Untracked 
| 204|0x000000008cc00000, 0x000000008cc00000, 0x000000008cd00000|  0%| F|  |TAMS 0x000000008cc00000, 0x000000008cc00000| Untracked 
| 205|0x000000008cd00000, 0x000000008cd00000, 0x000000008ce00000|  0%| F|  |TAMS 0x000000008cd00000, 0x000000008cd00000| Untracked 
| 206|0x000000008ce00000, 0x000000008ce00000, 0x000000008cf00000|  0%| F|  |TAMS 0x000000008ce00000, 0x000000008ce00000| Untracked 
| 207|0x000000008cf00000, 0x000000008cf00000, 0x000000008d000000|  0%| F|  |TAMS 0x000000008cf00000, 0x000000008cf00000| Untracked 
| 208|0x000000008d000000, 0x000000008d000000, 0x000000008d100000|  0%| F|  |TAMS 0x000000008d000000, 0x000000008d000000| Untracked 
| 209|0x000000008d100000, 0x000000008d100000, 0x000000008d200000|  0%| F|  |TAMS 0x000000008d100000, 0x000000008d100000| Untracked 
| 210|0x000000008d200000, 0x000000008d200000, 0x000000008d300000|  0%| F|  |TAMS 0x000000008d200000, 0x000000008d200000| Untracked 
| 211|0x000000008d300000, 0x000000008d300000, 0x000000008d400000|  0%| F|  |TAMS 0x000000008d300000, 0x000000008d300000| Untracked 
| 212|0x000000008d400000, 0x000000008d400000, 0x000000008d500000|  0%| F|  |TAMS 0x000000008d400000, 0x000000008d400000| Untracked 
| 213|0x000000008d500000, 0x000000008d500000, 0x000000008d600000|  0%| F|  |TAMS 0x000000008d500000, 0x000000008d500000| Untracked 
| 214|0x000000008d600000, 0x000000008d600000, 0x000000008d700000|  0%| F|  |TAMS 0x000000008d600000, 0x000000008d600000| Untracked 
| 215|0x000000008d700000, 0x000000008d700000, 0x000000008d800000|  0%| F|  |TAMS 0x000000008d700000, 0x000000008d700000| Untracked 
| 216|0x000000008d800000, 0x000000008d800000, 0x000000008d900000|  0%| F|  |TAMS 0x000000008d800000, 0x000000008d800000| Untracked 
| 217|0x000000008d900000, 0x000000008d900000, 0x000000008da00000|  0%| F|  |TAMS 0x000000008d900000, 0x000000008d900000| Untracked 
| 218|0x000000008da00000, 0x000000008da00000, 0x000000008db00000|  0%| F|  |TAMS 0x000000008da00000, 0x000000008da00000| Untracked 
| 219|0x000000008db00000, 0x000000008db00000, 0x000000008dc00000|  0%| F|  |TAMS 0x000000008db00000, 0x000000008db00000| Untracked 
| 220|0x000000008dc00000, 0x000000008dc00000, 0x000000008dd00000|  0%| F|  |TAMS 0x000000008dc00000, 0x000000008dc00000| Untracked 
| 221|0x000000008dd00000, 0x000000008dd00000, 0x000000008de00000|  0%| F|  |TAMS 0x000000008dd00000, 0x000000008dd00000| Untracked 
| 222|0x000000008de00000, 0x000000008de00000, 0x000000008df00000|  0%| F|  |TAMS 0x000000008de00000, 0x000000008de00000| Untracked 
| 223|0x000000008df00000, 0x000000008df00000, 0x000000008e000000|  0%| F|  |TAMS 0x000000008df00000, 0x000000008df00000| Untracked 
| 224|0x000000008e000000, 0x000000008e000000, 0x000000008e100000|  0%| F|  |TAMS 0x000000008e000000, 0x000000008e000000| Untracked 
| 225|0x000000008e100000, 0x000000008e100000, 0x000000008e200000|  0%| F|  |TAMS 0x000000008e100000, 0x000000008e100000| Untracked 
| 226|0x000000008e200000, 0x000000008e200000, 0x000000008e300000|  0%| F|  |TAMS 0x000000008e200000, 0x000000008e200000| Untracked 
| 227|0x000000008e300000, 0x000000008e300000, 0x000000008e400000|  0%| F|  |TAMS 0x000000008e300000, 0x000000008e300000| Untracked 
| 228|0x000000008e400000, 0x000000008e400000, 0x000000008e500000|  0%| F|  |TAMS 0x000000008e400000, 0x000000008e400000| Untracked 
| 229|0x000000008e500000, 0x000000008e500000, 0x000000008e600000|  0%| F|  |TAMS 0x000000008e500000, 0x000000008e500000| Untracked 
| 230|0x000000008e600000, 0x000000008e600000, 0x000000008e700000|  0%| F|  |TAMS 0x000000008e600000, 0x000000008e600000| Untracked 
| 231|0x000000008e700000, 0x000000008e700000, 0x000000008e800000|  0%| F|  |TAMS 0x000000008e700000, 0x000000008e700000| Untracked 
| 232|0x000000008e800000, 0x000000008e800000, 0x000000008e900000|  0%| F|  |TAMS 0x000000008e800000, 0x000000008e800000| Untracked 
| 233|0x000000008e900000, 0x000000008e900000, 0x000000008ea00000|  0%| F|  |TAMS 0x000000008e900000, 0x000000008e900000| Untracked 
| 234|0x000000008ea00000, 0x000000008ea00000, 0x000000008eb00000|  0%| F|  |TAMS 0x000000008ea00000, 0x000000008ea00000| Untracked 
| 235|0x000000008eb00000, 0x000000008eb00000, 0x000000008ec00000|  0%| F|  |TAMS 0x000000008eb00000, 0x000000008eb00000| Untracked 
| 236|0x000000008ec00000, 0x000000008ec00000, 0x000000008ed00000|  0%| F|  |TAMS 0x000000008ec00000, 0x000000008ec00000| Untracked 
| 237|0x000000008ed00000, 0x000000008ed00000, 0x000000008ee00000|  0%| F|  |TAMS 0x000000008ed00000, 0x000000008ed00000| Untracked 
| 238|0x000000008ee00000, 0x000000008ee00000, 0x000000008ef00000|  0%| F|  |TAMS 0x000000008ee00000, 0x000000008ee00000| Untracked 
| 239|0x000000008ef00000, 0x000000008ef00000, 0x000000008f000000|  0%| F|  |TAMS 0x000000008ef00000, 0x000000008ef00000| Untracked 
| 240|0x000000008f000000, 0x000000008f000000, 0x000000008f100000|  0%| F|  |TAMS 0x000000008f000000, 0x000000008f000000| Untracked 
| 241|0x000000008f100000, 0x000000008f100000, 0x000000008f200000|  0%| F|  |TAMS 0x000000008f100000, 0x000000008f100000| Untracked 
| 242|0x000000008f200000, 0x000000008f200000, 0x000000008f300000|  0%| F|  |TAMS 0x000000008f200000, 0x000000008f200000| Untracked 
| 243|0x000000008f300000, 0x000000008f300000, 0x000000008f400000|  0%| F|  |TAMS 0x000000008f300000, 0x000000008f300000| Untracked 
| 244|0x000000008f400000, 0x000000008f400000, 0x000000008f500000|  0%| F|  |TAMS 0x000000008f400000, 0x000000008f400000| Untracked 
| 245|0x000000008f500000, 0x000000008f500000, 0x000000008f600000|  0%| F|  |TAMS 0x000000008f500000, 0x000000008f500000| Untracked 
| 246|0x000000008f600000, 0x000000008f600000, 0x000000008f700000|  0%| F|  |TAMS 0x000000008f600000, 0x000000008f600000| Untracked 
| 247|0x000000008f700000, 0x000000008f700000, 0x000000008f800000|  0%| F|  |TAMS 0x000000008f700000, 0x000000008f700000| Untracked 
| 248|0x000000008f800000, 0x000000008f800000, 0x000000008f900000|  0%| F|  |TAMS 0x000000008f800000, 0x000000008f800000| Untracked 
| 249|0x000000008f900000, 0x000000008f900000, 0x000000008fa00000|  0%| F|  |TAMS 0x000000008f900000, 0x000000008f900000| Untracked 
| 250|0x000000008fa00000, 0x000000008fa00000, 0x000000008fb00000|  0%| F|  |TAMS 0x000000008fa00000, 0x000000008fa00000| Untracked 
| 251|0x000000008fb00000, 0x000000008fb80800, 0x000000008fc00000| 50%| E|  |TAMS 0x000000008fb00000, 0x000000008fb00000| Complete 
| 252|0x000000008fc00000, 0x000000008fd00000, 0x000000008fd00000|100%| E|CS|TAMS 0x000000008fc00000, 0x000000008fc00000| Complete 
| 253|0x000000008fd00000, 0x000000008fe00000, 0x000000008fe00000|100%| E|CS|TAMS 0x000000008fd00000, 0x000000008fd00000| Complete 

Card table byte_map: [0x0000027c71f20000,0x0000027c72320000] _byte_map_base: 0x0000027c71b20000

Marking Bits (Prev, Next): (CMBitMap*) 0x0000027c5e7be938, (CMBitMap*) 0x0000027c5e7be970
 Prev Bits: [0x0000027c72720000, 0x0000027c74720000)
 Next Bits: [0x0000027c74720000, 0x0000027c76720000)

Polling page: 0x0000027c5c580000

Metaspace:

Usage:
  Non-class:     40.99 MB capacity,    40.21 MB ( 98%) used,   674.99 KB (  2%) free+waste,   124.81 KB ( <1%) overhead. 
      Class:      6.22 MB capacity,     5.77 MB ( 93%) used,   405.82 KB (  6%) free+waste,    60.50 KB ( <1%) overhead. 
       Both:     47.21 MB capacity,    45.98 MB ( 97%) used,     1.06 MB (  2%) free+waste,   185.31 KB ( <1%) overhead. 

Virtual space:
  Non-class space:       42.00 MB reserved,      41.08 MB ( 98%) committed 
      Class space:        1.00 GB reserved,       6.38 MB ( <1%) committed 
             Both:        1.04 GB reserved,      47.45 MB (  4%) committed 

Chunk freelists:
   Non-Class:  25.00 KB
       Class:  30.00 KB
        Both:  55.00 KB

MaxMetaspaceSize: 17179869184.00 GB
CompressedClassSpaceSize: 1.00 GB
Initial GC threshold: 20.80 MB
Current GC threshold: 58.88 MB
CDS: off

CodeHeap 'non-profiled nmethods': size=119168Kb used=2769Kb max_used=2769Kb free=116398Kb
 bounds [0x0000027c69e40000, 0x0000027c6a100000, 0x0000027c712a0000]
CodeHeap 'profiled nmethods': size=119168Kb used=9909Kb max_used=9909Kb free=109259Kb
 bounds [0x0000027c629e0000, 0x0000027c63390000, 0x0000027c69e40000]
CodeHeap 'non-nmethods': size=7424Kb used=4086Kb max_used=4086Kb free=3337Kb
 bounds [0x0000027c622a0000, 0x0000027c626b0000, 0x0000027c629e0000]
 total_blobs=5399 nmethods=4600 adapters=704
 compilation: enabled
              stopped_count=0, restarted_count=0
 full_count=0

Compilation events (20 events):
Event: 3.144 Thread 0x0000027c79fc0000 nmethod 4585 0x0000027c63376790 code [0x0000027c63376960, 0x0000027c63376be8]
Event: 3.144 Thread 0x0000027c7a6ab000 nmethod 4582 0x0000027c63376d10 code [0x0000027c63377000, 0x0000027c63377e88]
Event: 3.144 Thread 0x0000027c796e3800 4586       3       java.util.concurrent.locks.AbstractQueuedSynchronizer::setHead (16 bytes)
Event: 3.144 Thread 0x0000027c79fc0000 4587       1       org.gradle.cache.internal.DefaultCacheFactory$DirCacheReference::access$600 (5 bytes)
Event: 3.144 Thread 0x0000027c7b1b2000 nmethod 4583 0x0000027c63378390 code [0x0000027c63378660, 0x0000027c63379338]
Event: 3.144 Thread 0x0000027c79fc0000 nmethod 4587 0x0000027c6a0f3e90 code [0x0000027c6a0f4040, 0x0000027c6a0f40d8]
Event: 3.144 Thread 0x0000027c796e3800 nmethod 4586 0x0000027c63379790 code [0x0000027c63379940, 0x0000027c63379b78]
Event: 3.145 Thread 0x0000027c7a6ab000 4588       3       java.lang.Class::getEnclosingClass (69 bytes)
Event: 3.146 Thread 0x0000027c7b1b2000 4589       3       org.gradle.internal.reflect.MutableClassDetails::superType (12 bytes)
Event: 3.146 Thread 0x0000027c7a6ab000 nmethod 4588 0x0000027c63379c90 code [0x0000027c63379ee0, 0x0000027c6337a578]
Event: 3.146 Thread 0x0000027c79fc0000 4590       3       org.gradle.internal.reflect.JavaPropertyReflectionUtil::doesNotHaveTypeVariable (107 bytes)
Event: 3.146 Thread 0x0000027c7b1b2000 nmethod 4589 0x0000027c6337a810 code [0x0000027c6337a9c0, 0x0000027c6337ab88]
Event: 3.146 Thread 0x0000027c79fc0000 nmethod 4590 0x0000027c6337ac90 code [0x0000027c6337aec0, 0x0000027c6337b8b8]
Event: 3.148 Thread 0x0000027c796e3800 4593       3       java.beans.PropertyDescriptor::setReadMethod0 (48 bytes)
Event: 3.149 Thread 0x0000027c7a6ab000 4594       3       org.gradle.internal.service.DefaultServiceRegistry$OwnServices::getAll (46 bytes)
Event: 3.150 Thread 0x0000027c796e3800 nmethod 4593 0x0000027c6337ba90 code [0x0000027c6337be60, 0x0000027c6337da28]
Event: 3.150 Thread 0x0000027c7a6ab000 nmethod 4594 0x0000027c6337e190 code [0x0000027c6337e3c0, 0x0000027c6337ec68]
Event: 3.169 Thread 0x0000027c7b1b2000 4595       3       sun.reflect.generics.reflectiveObjects.ParameterizedTypeImpl::toString (209 bytes)
Event: 3.169 Thread 0x0000027c79fc0000 4596       3       java.util.StringJoiner::setEmptyValue (20 bytes)
Event: 3.169 Thread 0x0000027c79fc0000 nmethod 4596 0x0000027c6337ef10 code [0x0000027c6337f100, 0x0000027c6337f598]

GC Heap History (12 events):
Event: 0.439 GC heap before
{Heap before GC invocations=0 (full 0):
 garbage-first heap   total 260096K, used 29696K [0x0000000080000000, 0x0000000100000000)
  region size 1024K, 24 young (24576K), 0 survivors (0K)
 Metaspace       used 10110K, capacity 10342K, committed 10624K, reserved 1058816K
  class space    used 1022K, capacity 1107K, committed 1152K, reserved 1048576K
}
Event: 0.442 GC heap after
{Heap after GC invocations=1 (full 0):
 garbage-first heap   total 260096K, used 9270K [0x0000000080000000, 0x0000000100000000)
  region size 1024K, 3 young (3072K), 3 survivors (3072K)
 Metaspace       used 10110K, capacity 10342K, committed 10624K, reserved 1058816K
  class space    used 1022K, capacity 1107K, committed 1152K, reserved 1048576K
}
Event: 1.425 GC heap before
{Heap before GC invocations=1 (full 0):
 garbage-first heap   total 260096K, used 101430K [0x0000000080000000, 0x0000000100000000)
  region size 1024K, 94 young (96256K), 3 survivors (3072K)
 Metaspace       used 20769K, capacity 21137K, committed 21296K, reserved 1069056K
  class space    used 2480K, capacity 2634K, committed 2688K, reserved 1048576K
}
Event: 1.431 GC heap after
{Heap after GC invocations=2 (full 0):
 garbage-first heap   total 260096K, used 16716K [0x0000000080000000, 0x0000000100000000)
  region size 1024K, 11 young (11264K), 11 survivors (11264K)
 Metaspace       used 20769K, capacity 21137K, committed 21296K, reserved 1069056K
  class space    used 2480K, capacity 2634K, committed 2688K, reserved 1048576K
}
Event: 1.610 GC heap before
{Heap before GC invocations=3 (full 0):
 garbage-first heap   total 260096K, used 52556K [0x0000000080000000, 0x0000000100000000)
  region size 1024K, 46 young (47104K), 11 survivors (11264K)
 Metaspace       used 24082K, capacity 24638K, committed 24752K, reserved 1071104K
  class space    used 3019K, capacity 3230K, committed 3328K, reserved 1048576K
}
Event: 1.613 GC heap after
{Heap after GC invocations=4 (full 0):
 garbage-first heap   total 260096K, used 18134K [0x0000000080000000, 0x0000000100000000)
  region size 1024K, 2 young (2048K), 2 survivors (2048K)
 Metaspace       used 24082K, capacity 24638K, committed 24752K, reserved 1071104K
  class space    used 3019K, capacity 3230K, committed 3328K, reserved 1048576K
}
Event: 2.246 GC heap before
{Heap before GC invocations=4 (full 0):
 garbage-first heap   total 260096K, used 152278K [0x0000000080000000, 0x0000000100000000)
  region size 1024K, 106 young (108544K), 2 survivors (2048K)
 Metaspace       used 34346K, capacity 35400K, committed 35632K, reserved 1079296K
  class space    used 4626K, capacity 4989K, committed 4992K, reserved 1048576K
}
Event: 2.249 GC heap after
{Heap after GC invocations=5 (full 0):
 garbage-first heap   total 260096K, used 52553K [0x0000000080000000, 0x0000000100000000)
  region size 1024K, 9 young (9216K), 9 survivors (9216K)
 Metaspace       used 34346K, capacity 35400K, committed 35632K, reserved 1079296K
  class space    used 4626K, capacity 4989K, committed 4992K, reserved 1048576K
}
Event: 2.271 GC heap before
{Heap before GC invocations=5 (full 0):
 garbage-first heap   total 260096K, used 54601K [0x0000000080000000, 0x0000000100000000)
  region size 1024K, 12 young (12288K), 9 survivors (9216K)
 Metaspace       used 34795K, capacity 35821K, committed 35920K, reserved 1081344K
  class space    used 4665K, capacity 5067K, committed 5120K, reserved 1048576K
}
Event: 2.276 GC heap after
{Heap after GC invocations=6 (full 0):
 garbage-first heap   total 260096K, used 52770K [0x0000000080000000, 0x0000000100000000)
  region size 1024K, 9 young (9216K), 9 survivors (9216K)
 Metaspace       used 34795K, capacity 35821K, committed 35920K, reserved 1081344K
  class space    used 4665K, capacity 5067K, committed 5120K, reserved 1048576K
}
Event: 3.153 GC heap before
{Heap before GC invocations=7 (full 0):
 garbage-first heap   total 260096K, used 197154K [0x0000000080000000, 0x0000000100000000)
  region size 1024K, 127 young (130048K), 9 survivors (9216K)
 Metaspace       used 46956K, capacity 48266K, committed 48464K, reserved 1091584K
  class space    used 5886K, capacity 6365K, committed 6400K, reserved 1048576K
}
Event: 3.163 GC heap after
{Heap after GC invocations=8 (full 0):
 garbage-first heap   total 260096K, used 83845K [0x0000000080000000, 0x0000000100000000)
  region size 1024K, 16 young (16384K), 16 survivors (16384K)
 Metaspace       used 46956K, capacity 48266K, committed 48464K, reserved 1091584K
  class space    used 5886K, capacity 6365K, committed 6400K, reserved 1048576K
}

Deoptimization events (20 events):
Event: 2.999 Thread 0x0000027c79fa8800 Uncommon trap: trap_request=0xffffff4d fr.pc=0x0000027c6a093240 relative=0x00000000000022c0
Event: 2.999 Thread 0x0000027c79fa8800 Uncommon trap: reason=unstable_if action=reinterpret pc=0x0000027c6a093240 method=java.lang.ClassLoader.checkCerts(Ljava/lang/String;Ljava/security/CodeSource;)V @ 29 c2
Event: 2.999 Thread 0x0000027c79fa8800 DEOPT PACKING pc=0x0000027c6a093240 sp=0x000000fc5bef69a0
Event: 2.999 Thread 0x0000027c79fa8800 DEOPT UNPACKING pc=0x0000027c622ea1af sp=0x000000fc5bef68b0 mode 2
Event: 3.013 Thread 0x0000027c79fa8800 Uncommon trap: trap_request=0xffffffcc fr.pc=0x0000027c6a08c27c relative=0x00000000000048fc
Event: 3.013 Thread 0x0000027c79fa8800 Uncommon trap: reason=intrinsic_or_type_checked_inlining action=make_not_entrant pc=0x0000027c6a08c27c method=java.util.ArrayList$SubList.toArray([Ljava/lang/Object;)[Ljava/lang/Object; @ 58 c2
Event: 3.013 Thread 0x0000027c79fa8800 DEOPT PACKING pc=0x0000027c6a08c27c sp=0x000000fc5bef7b40
Event: 3.013 Thread 0x0000027c79fa8800 DEOPT UNPACKING pc=0x0000027c622ea1af sp=0x000000fc5bef7ad8 mode 2
Event: 3.031 Thread 0x0000027c79fa8800 Uncommon trap: trap_request=0xffffffde fr.pc=0x0000027c6a0c6410 relative=0x0000000000000c70
Event: 3.031 Thread 0x0000027c79fa8800 Uncommon trap: reason=class_check action=maybe_recompile pc=0x0000027c6a0c6410 method=org.codehaus.groovy.reflection.ParameterTypes.getParametersTypes0()V @ 16 c2
Event: 3.031 Thread 0x0000027c79fa8800 DEOPT PACKING pc=0x0000027c6a0c6410 sp=0x000000fc5bef8590
Event: 3.031 Thread 0x0000027c79fa8800 DEOPT UNPACKING pc=0x0000027c622ea1af sp=0x000000fc5bef8518 mode 2
Event: 3.040 Thread 0x0000027c79fa8800 Uncommon trap: trap_request=0xffffff4d fr.pc=0x0000027c69ea67b8 relative=0x0000000000000558
Event: 3.040 Thread 0x0000027c79fa8800 Uncommon trap: reason=unstable_if action=reinterpret pc=0x0000027c69ea67b8 method=java.util.jar.Manifest$FastInputStream.readLine([BII)I @ 130 c2
Event: 3.040 Thread 0x0000027c79fa8800 DEOPT PACKING pc=0x0000027c69ea67b8 sp=0x000000fc5bef4d50
Event: 3.040 Thread 0x0000027c79fa8800 DEOPT UNPACKING pc=0x0000027c622ea1af sp=0x000000fc5bef4ce0 mode 2
Event: 3.069 Thread 0x0000027c79fa8800 Uncommon trap: trap_request=0xffffff7e fr.pc=0x0000027c6a0c2610 relative=0x00000000000001b0
Event: 3.069 Thread 0x0000027c79fa8800 Uncommon trap: reason=predicate action=maybe_recompile pc=0x0000027c6a0c2610 method=java.util.Arrays.binarySearch0([Ljava/lang/Object;IILjava/lang/Object;Ljava/util/Comparator;)I @ 25 c2
Event: 3.069 Thread 0x0000027c79fa8800 DEOPT PACKING pc=0x0000027c6a0c2610 sp=0x000000fc5bef6b30
Event: 3.069 Thread 0x0000027c79fa8800 DEOPT UNPACKING pc=0x0000027c622ea1af sp=0x000000fc5bef6a98 mode 2

Classes redefined (0 events):
No events

Internal exceptions (20 events):
Event: 3.087 Thread 0x0000027c79fa8800 Exception <a 'java/lang/ClassNotFoundException'{0x00000000885276f8}: org/jetbrains/plugins/gradle/tooling/builder/ExternalProjectBuilderImpl$1BeanInfo> (0x00000000885276f8) thrown at [src/hotspot/share/classfile/systemDictionary.cpp, line 230]
Event: 3.088 Thread 0x0000027c79fa8800 Exception <a 'java/lang/ClassNotFoundException'{0x0000000088534270}: org/jetbrains/plugins/gradle/tooling/builder/ExternalProjectBuilderImpl$1Customizer> (0x0000000088534270) thrown at [src/hotspot/share/classfile/systemDictionary.cpp, line 230]
Event: 3.091 Thread 0x0000027c79fa8800 Exception <a 'java/lang/ClassNotFoundException'{0x0000000088595178}: org/jetbrains/plugins/gradle/tooling/builder/ExternalProjectBuilderImplBeanInfo> (0x0000000088595178) thrown at [src/hotspot/share/classfile/systemDictionary.cpp, line 230]
Event: 3.091 Thread 0x0000027c79fa8800 Exception <a 'java/lang/ClassNotFoundException'{0x00000000885a1b88}: org/jetbrains/plugins/gradle/tooling/builder/ExternalProjectBuilderImplCustomizer> (0x00000000885a1b88) thrown at [src/hotspot/share/classfile/systemDictionary.cpp, line 230]
Event: 3.100 Thread 0x0000027c79fa8800 Exception <a 'java/lang/ClassNotFoundException'{0x0000000088462df0}: org/jetbrains/plugins/gradle/tooling/tasks/DependenciesReport$ReportGeneratorBeanInfo> (0x0000000088462df0) thrown at [src/hotspot/share/classfile/systemDictionary.cpp, line 230]
Event: 3.100 Thread 0x0000027c79fa8800 Exception <a 'java/lang/ClassNotFoundException'{0x000000008846f980}: org/jetbrains/plugins/gradle/tooling/tasks/DependenciesReport$ReportGeneratorCustomizer> (0x000000008846f980) thrown at [src/hotspot/share/classfile/systemDictionary.cpp, line 230]
Event: 3.103 Thread 0x0000027c79fa8800 Exception <a 'java/lang/ClassNotFoundException'{0x00000000884acee0}: org/jetbrains/plugins/gradle/tooling/builder/DependencyGraphModelBuilderImplBeanInfo> (0x00000000884acee0) thrown at [src/hotspot/share/classfile/systemDictionary.cpp, line 230]
Event: 3.103 Thread 0x0000027c79fa8800 Exception <a 'java/lang/ClassNotFoundException'{0x00000000884b9a68}: org/jetbrains/plugins/gradle/tooling/builder/DependencyGraphModelBuilderImplCustomizer> (0x00000000884b9a68) thrown at [src/hotspot/share/classfile/systemDictionary.cpp, line 230]
Event: 3.109 Thread 0x0000027c79fa8800 Exception <a 'java/lang/ClassNotFoundException'{0x0000000088375de8}: org/jetbrains/plugins/gradle/tooling/builder/ExternalTestsModelBuilderImplBeanInfo> (0x0000000088375de8) thrown at [src/hotspot/share/classfile/systemDictionary.cpp, line 230]
Event: 3.110 Thread 0x0000027c79fa8800 Exception <a 'java/lang/ClassNotFoundException'{0x0000000088382ba8}: org/jetbrains/plugins/gradle/tooling/builder/ExternalTestsModelBuilderImplCustomizer> (0x0000000088382ba8) thrown at [src/hotspot/share/classfile/systemDictionary.cpp, line 230]
Event: 3.129 Thread 0x0000027c79fa8800 Exception <a 'java/lang/ClassNotFoundException'{0x0000000088009b40}: org/jetbrains/plugins/gradle/tooling/builder/ProjectExtensionsDataBuilderImplBeanInfo> (0x0000000088009b40) thrown at [src/hotspot/share/classfile/systemDictionary.cpp, line 230]
Event: 3.129 Thread 0x0000027c79fa8800 Exception <a 'java/lang/ClassNotFoundException'{0x00000000880166c8}: org/jetbrains/plugins/gradle/tooling/builder/ProjectExtensionsDataBuilderImplCustomizer> (0x00000000880166c8) thrown at [src/hotspot/share/classfile/systemDictionary.cpp, line 230]
Event: 3.132 Thread 0x0000027c79fa8800 Exception <a 'java/lang/ClassNotFoundException'{0x000000008804f910}: org/jetbrains/plugins/gradle/tooling/builder/IntelliJSettingsBuilderBeanInfo> (0x000000008804f910) thrown at [src/hotspot/share/classfile/systemDictionary.cpp, line 230]
Event: 3.132 Thread 0x0000027c79fa8800 Exception <a 'java/lang/ClassNotFoundException'{0x000000008805c298}: org/jetbrains/plugins/gradle/tooling/builder/IntelliJSettingsBuilderCustomizer> (0x000000008805c298) thrown at [src/hotspot/share/classfile/systemDictionary.cpp, line 230]
Event: 3.134 Thread 0x0000027c79fa8800 Exception <a 'java/lang/ClassNotFoundException'{0x0000000088095ac8}: org/jetbrains/plugins/gradle/tooling/builder/IntelliJProjectSettingsBuilderBeanInfo> (0x0000000088095ac8) thrown at [src/hotspot/share/classfile/systemDictionary.cpp, line 230]
Event: 3.134 Thread 0x0000027c79fa8800 Exception <a 'java/lang/ClassNotFoundException'{0x00000000880a2648}: org/jetbrains/plugins/gradle/tooling/builder/IntelliJProjectSettingsBuilderCustomizer> (0x00000000880a2648) thrown at [src/hotspot/share/classfile/systemDictionary.cpp, line 230]
Event: 3.148 Thread 0x0000027c79fa8800 Exception <a 'java/lang/ClassNotFoundException'{0x0000000087fb56f8}: ijtestinit_d296y5udobacoth69rzvqiw3iBeanInfo> (0x0000000087fb56f8) thrown at [src/hotspot/share/classfile/systemDictionary.cpp, line 230]
Event: 3.148 Thread 0x0000027c79fa8800 Exception <a 'java/lang/ClassNotFoundException'{0x0000000087fc20b0}: ijtestinit_d296y5udobacoth69rzvqiw3iCustomizer> (0x0000000087fc20b0) thrown at [src/hotspot/share/classfile/systemDictionary.cpp, line 230]
Event: 3.167 Thread 0x0000027c79fa8800 Exception <a 'java/lang/ClassNotFoundException'{0x000000008fd82610}: org/gradle/execution/taskgraph/DefaultTaskExecutionGraphBeanInfo> (0x000000008fd82610) thrown at [src/hotspot/share/classfile/systemDictionary.cpp, line 230]
Event: 3.168 Thread 0x0000027c79fa8800 Exception <a 'java/lang/ClassNotFoundException'{0x000000008fdabb30}: org/gradle/execution/taskgraph/DefaultTaskExecutionGraphCustomizer> (0x000000008fdabb30) thrown at [src/hotspot/share/classfile/systemDictionary.cpp, line 230]

Events (20 events):
Event: 3.166 loading class org/gradle/execution/plan/ExecutionPlan$ScheduledNodes
Event: 3.166 loading class org/gradle/execution/plan/ExecutionPlan$ScheduledNodes done
Event: 3.166 loading class org/gradle/execution/plan/WorkSource
Event: 3.166 loading class org/gradle/execution/plan/WorkSource done
Event: 3.167 loading class org/gradle/execution/taskgraph/DefaultTaskExecutionGraphBeanInfo
Event: 3.167 loading class org/gradle/execution/taskgraph/DefaultTaskExecutionGraphBeanInfo done
Event: 3.167 loading class org/gradle/execution/taskgraph/DefaultTaskExecutionGraphBeanInfo
Event: 3.167 loading class org/gradle/execution/taskgraph/DefaultTaskExecutionGraphBeanInfo done
Event: 3.167 loading class org/gradle/execution/taskgraph/DefaultTaskExecutionGraphBeanInfo
Event: 3.167 loading class org/gradle/execution/taskgraph/DefaultTaskExecutionGraphBeanInfo done
Event: 3.167 loading class org/gradle/execution/taskgraph/DefaultTaskExecutionGraphBeanInfo
Event: 3.167 loading class org/gradle/execution/taskgraph/DefaultTaskExecutionGraphBeanInfo done
Event: 3.167 loading class org/gradle/execution/taskgraph/DefaultTaskExecutionGraphCustomizer
Event: 3.167 loading class org/gradle/execution/taskgraph/DefaultTaskExecutionGraphCustomizer done
Event: 3.168 loading class org/gradle/execution/taskgraph/DefaultTaskExecutionGraphCustomizer
Event: 3.168 loading class org/gradle/execution/taskgraph/DefaultTaskExecutionGraphCustomizer done
Event: 3.168 loading class org/gradle/execution/taskgraph/DefaultTaskExecutionGraphCustomizer
Event: 3.168 loading class org/gradle/execution/taskgraph/DefaultTaskExecutionGraphCustomizer done
Event: 3.168 loading class org/gradle/execution/taskgraph/DefaultTaskExecutionGraphCustomizer
Event: 3.168 loading class org/gradle/execution/taskgraph/DefaultTaskExecutionGraphCustomizer done


Dynamic libraries:
0x00007ff7f0b20000 - 0x00007ff7f0b2a000 	C:\Program Files\Android\Android Studio\jbr\bin\java.exe
0x00007ff8a1f10000 - 0x00007ff8a2108000 	C:\WINDOWS\SYSTEM32\ntdll.dll
0x00007ff8a0380000 - 0x00007ff8a0442000 	C:\WINDOWS\System32\KERNEL32.DLL
0x00007ff89fab0000 - 0x00007ff89fdaf000 	C:\WINDOWS\System32\KERNELBASE.dll
0x00007ff89f820000 - 0x00007ff89f920000 	C:\WINDOWS\System32\ucrtbase.dll
0x00007ff88c3f0000 - 0x00007ff88c407000 	C:\Program Files\Android\Android Studio\jbr\bin\jli.dll
0x00007ff88d0d0000 - 0x00007ff88d0eb000 	C:\Program Files\Android\Android Studio\jbr\bin\VCRUNTIME140.dll
0x00007ff8a0950000 - 0x00007ff8a0aed000 	C:\WINDOWS\System32\USER32.dll
0x00007ff88c120000 - 0x00007ff88c3ba000 	C:\WINDOWS\WinSxS\amd64_microsoft.windows.common-controls_6595b64144ccf1df_6.0.19041.4355_none_60b8b9eb71f62e16\COMCTL32.dll
0x00007ff89f950000 - 0x00007ff89f972000 	C:\WINDOWS\System32\win32u.dll
0x00007ff8a1460000 - 0x00007ff8a148b000 	C:\WINDOWS\System32\GDI32.dll
0x00007ff89ffa0000 - 0x00007ff8a003e000 	C:\WINDOWS\System32\msvcrt.dll
0x00007ff89fdb0000 - 0x00007ff89fec7000 	C:\WINDOWS\System32\gdi32full.dll
0x00007ff89fa10000 - 0x00007ff89faad000 	C:\WINDOWS\System32\msvcp_win.dll
0x00007ff8a1490000 - 0x00007ff8a14bf000 	C:\WINDOWS\System32\IMM32.DLL
0x00007ff88fff0000 - 0x00007ff88fffc000 	C:\Program Files\Android\Android Studio\jbr\bin\vcruntime140_1.dll
0x00007ff869ce0000 - 0x00007ff869d6d000 	C:\Program Files\Android\Android Studio\jbr\bin\msvcp140.dll
0x00007ff80be30000 - 0x00007ff80c9ec000 	C:\Program Files\Android\Android Studio\jbr\bin\server\jvm.dll
0x00007ff8a15c0000 - 0x00007ff8a1671000 	C:\WINDOWS\System32\ADVAPI32.dll
0x00007ff8a14c0000 - 0x00007ff8a155f000 	C:\WINDOWS\System32\sechost.dll
0x00007ff8a0250000 - 0x00007ff8a0373000 	C:\WINDOWS\System32\RPCRT4.dll
0x00007ff89f920000 - 0x00007ff89f947000 	C:\WINDOWS\System32\bcrypt.dll
0x00007ff8a13f0000 - 0x00007ff8a13f8000 	C:\WINDOWS\System32\PSAPI.DLL
0x00007ff8986c0000 - 0x00007ff8986c9000 	C:\WINDOWS\SYSTEM32\WSOCK32.dll
0x00007ff8996b0000 - 0x00007ff8996ba000 	C:\WINDOWS\SYSTEM32\VERSION.dll
0x00007ff8965d0000 - 0x00007ff8965f7000 	C:\WINDOWS\SYSTEM32\WINMM.dll
0x00007ff8a1690000 - 0x00007ff8a16fb000 	C:\WINDOWS\System32\WS2_32.dll
0x00007ff89d440000 - 0x00007ff89d452000 	C:\WINDOWS\SYSTEM32\kernel.appcore.dll
0x00007ff89ca70000 - 0x00007ff89ca80000 	C:\Program Files\Android\Android Studio\jbr\bin\verify.dll
0x00007ff895c90000 - 0x00007ff895e74000 	C:\WINDOWS\SYSTEM32\DBGHELP.DLL
0x00007ff881e60000 - 0x00007ff881e94000 	C:\WINDOWS\SYSTEM32\dbgcore.DLL
0x00007ff89f980000 - 0x00007ff89fa02000 	C:\WINDOWS\System32\bcryptPrimitives.dll
0x00007ff893000000 - 0x00007ff893028000 	C:\Program Files\Android\Android Studio\jbr\bin\java.dll
0x00007ff89b300000 - 0x00007ff89b30a000 	C:\Program Files\Android\Android Studio\jbr\bin\jimage.dll
0x00007ff892fe0000 - 0x00007ff892ff8000 	C:\Program Files\Android\Android Studio\jbr\bin\zip.dll
0x00007ff8a0af0000 - 0x00007ff8a125e000 	C:\WINDOWS\System32\SHELL32.dll
0x00007ff89d640000 - 0x00007ff89dde4000 	C:\WINDOWS\SYSTEM32\windows.storage.dll
0x00007ff8a05f0000 - 0x00007ff8a0945000 	C:\WINDOWS\System32\combase.dll
0x00007ff89efd0000 - 0x00007ff89efff000 	C:\WINDOWS\SYSTEM32\Wldp.dll
0x00007ff8a1260000 - 0x00007ff8a132d000 	C:\WINDOWS\System32\OLEAUT32.dll
0x00007ff8a1330000 - 0x00007ff8a13dd000 	C:\WINDOWS\System32\SHCORE.dll
0x00007ff8a1400000 - 0x00007ff8a1455000 	C:\WINDOWS\System32\shlwapi.dll
0x00007ff89f4d0000 - 0x00007ff89f4f4000 	C:\WINDOWS\SYSTEM32\profapi.dll
0x00007ff8903e0000 - 0x00007ff8903f9000 	C:\Program Files\Android\Android Studio\jbr\bin\net.dll
0x00007ff899810000 - 0x00007ff89991d000 	C:\WINDOWS\SYSTEM32\WINHTTP.dll
0x00007ff89ed30000 - 0x00007ff89ed9a000 	C:\WINDOWS\system32\mswsock.dll
0x00007ff8903c0000 - 0x00007ff8903d3000 	C:\Program Files\Android\Android Studio\jbr\bin\nio.dll
0x00007ff890960000 - 0x00007ff890987000 	C:\Users\Saya\.gradle\native\e1d6ef7f7dcc3fd88c89a11ec53ec762bb8ba0a96d01ffa2cd45eb1d1d8dd5c5\windows-amd64\native-platform.dll
0x00007ff85b3b0000 - 0x00007ff85b4f4000 	C:\Users\Saya\.gradle\native\0d407fdbe67a94daf76414ababcb853783967236a71b16ec16e742cd7a986fd3\windows-amd64\native-platform-file-events.dll
0x00007ff89a860000 - 0x00007ff89a86a000 	C:\Program Files\Android\Android Studio\jbr\bin\management.dll
0x00007ff89a290000 - 0x00007ff89a29b000 	C:\Program Files\Android\Android Studio\jbr\bin\management_ext.dll
0x00007ff89ef20000 - 0x00007ff89ef38000 	C:\WINDOWS\SYSTEM32\CRYPTSP.dll
0x00007ff89e5e0000 - 0x00007ff89e614000 	C:\WINDOWS\system32\rsaenh.dll
0x00007ff89f450000 - 0x00007ff89f47e000 	C:\WINDOWS\SYSTEM32\USERENV.dll
0x00007ff89ef40000 - 0x00007ff89ef4c000 	C:\WINDOWS\SYSTEM32\CRYPTBASE.dll
0x00007ff89e9c0000 - 0x00007ff89e9fb000 	C:\WINDOWS\SYSTEM32\IPHLPAPI.DLL
0x00007ff8a1680000 - 0x00007ff8a1688000 	C:\WINDOWS\System32\NSI.dll
0x00007ff89a2c0000 - 0x00007ff89a2d7000 	C:\WINDOWS\SYSTEM32\dhcpcsvc6.DLL
0x00007ff89a1f0000 - 0x00007ff89a20d000 	C:\WINDOWS\SYSTEM32\dhcpcsvc.DLL
0x00007ff89ea10000 - 0x00007ff89eada000 	C:\WINDOWS\SYSTEM32\DNSAPI.dll

dbghelp: loaded successfully - version: 4.0.5 - missing functions: none
symbol engine: initialized successfully - sym options: 0x614 - pdb path: .;C:\Program Files\Android\Android Studio\jbr\bin;C:\WINDOWS\SYSTEM32;C:\WINDOWS\WinSxS\amd64_microsoft.windows.common-controls_6595b64144ccf1df_6.0.19041.4355_none_60b8b9eb71f62e16;C:\Program Files\Android\Android Studio\jbr\bin\server;C:\Users\Saya\.gradle\native\e1d6ef7f7dcc3fd88c89a11ec53ec762bb8ba0a96d01ffa2cd45eb1d1d8dd5c5\windows-amd64;C:\Users\Saya\.gradle\native\0d407fdbe67a94daf76414ababcb853783967236a71b16ec16e742cd7a986fd3\windows-amd64

VM Arguments:
jvm_args: --add-opens=java.base/java.util=ALL-UNNAMED --add-opens=java.base/java.lang=ALL-UNNAMED --add-opens=java.base/java.lang.invoke=ALL-UNNAMED --add-opens=java.base/java.util=ALL-UNNAMED --add-opens=java.prefs/java.util.prefs=ALL-UNNAMED --add-opens=java.prefs/java.util.prefs=ALL-UNNAMED --add-opens=java.base/java.nio.charset=ALL-UNNAMED --add-opens=java.base/java.net=ALL-UNNAMED --add-opens=java.base/java.util.concurrent.atomic=ALL-UNNAMED -Xmx2048m -Dfile.encoding=UTF-8 -Duser.country=ID -Duser.language=en -Duser.variant 
java_command: org.gradle.launcher.daemon.bootstrap.GradleDaemon 7.5
java_class_path (initial): C:\Users\Saya\.gradle\wrapper\dists\gradle-7.5-bin\f1w0cc9nuo0eivz97x2xlu9sv\gradle-7.5\lib\gradle-launcher-7.5.jar
Launcher Type: SUN_STANDARD

[Global flags]
     intx CICompilerCount                          = 12                                        {product} {ergonomic}
     uint ConcGCThreads                            = 3                                         {product} {ergonomic}
     uint G1ConcRefinementThreads                  = 13                                        {product} {ergonomic}
   size_t G1HeapRegionSize                         = 1048576                                   {product} {ergonomic}
    uintx GCDrainStackTargetSize                   = 64                                        {product} {ergonomic}
   size_t InitialHeapSize                          = 266338304                                 {product} {ergonomic}
   size_t MarkStackSize                            = 4194304                                   {product} {ergonomic}
   size_t MaxHeapSize                              = 2147483648                                {product} {command line}
   size_t MaxNewSize                               = 1287651328                                {product} {ergonomic}
   size_t MinHeapDeltaBytes                        = 1048576                                   {product} {ergonomic}
    uintx NonNMethodCodeHeapSize                   = 7594288                                {pd product} {ergonomic}
    uintx NonProfiledCodeHeapSize                  = 122031976                              {pd product} {ergonomic}
    uintx ProfiledCodeHeapSize                     = 122031976                              {pd product} {ergonomic}
    uintx ReservedCodeCacheSize                    = 251658240                              {pd product} {ergonomic}
     bool SegmentedCodeCache                       = true                                      {product} {ergonomic}
     bool UseCompressedClassPointers               = true                                 {lp64_product} {ergonomic}
     bool UseCompressedOops                        = true                                 {lp64_product} {ergonomic}
     bool UseG1GC                                  = true                                      {product} {ergonomic}
     bool UseLargePagesIndividualAllocation        = false                                  {pd product} {ergonomic}

Logging:
Log output configuration:
 #0: stdout all=warning uptime,level,tags
 #1: stderr all=off uptime,level,tags

Environment Variables:
PATH=C:\Program Files\Common Files\Oracle\Java\javapath;C:\Program Files (x86)\VMware\VMware Workstation\bin\;C:\WINDOWS\system32;C:\WINDOWS;C:\WINDOWS\System32\Wbem;C:\WINDOWS\System32\WindowsPowerShell\v1.0\;C:\WINDOWS\System32\OpenSSH\;C:\Program Files\Microsoft SQL Server\150\Tools\Binn\;C:\Program Files\Microsoft SQL Server\Client SDK\ODBC\170\Tools\Binn\;C:\Program Files\dotnet\;C:\Program Files (x86)\Microsoft SQL Server\160\Tools\Binn\;C:\Program Files\Microsoft SQL Server\160\Tools\Binn\;C:\Program Files\Microsoft SQL Server\160\DTS\Binn\;C:\Program Files (x86)\Microsoft SQL Server\160\DTS\Binn\;C:\Program Files\Azure Data Studio\bin;C:\Program Files\nodejs\;C:\Program Files\Git\cmd;C:\Users\Saya\AppData\Local\Microsoft\WindowsApps;C:\Users\Saya\.dotnet\tools;C:\Program Files\Azure Data Studio\bin;C:\Users\Saya\AppData\Local\Programs\Microsoft VS Code\bin;C:\Program Files\JetBrains\IntelliJ IDEA Community Edition 2023.2.3\bin;;C:\Users\Saya\AppData\Roaming\npm;C:\Users\Saya\AppData\Local\GitHubDesktop\bin
USERNAME=Saya
OS=Windows_NT
PROCESSOR_IDENTIFIER=Intel64 Family 6 Model 165 Stepping 5, GenuineIntel



---------------  S Y S T E M  ---------------

OS: Windows 10 , 64 bit Build 19041 (10.0.19041.5198)
OS uptime: 0 days 23:04 hours

CPU:total 16 (initial active 16) (8 cores per cpu, 2 threads per core) family 6 model 165 stepping 5 microcode 0xe2, cmov, cx8, fxsr, mmx, sse, sse2, sse3, ssse3, sse4.1, sse4.2, popcnt, avx, avx2, aes, clmul, erms, 3dnowpref, lzcnt, ht, tsc, tscinvbit, bmi1, bmi2, adx, fma

Memory: 4k page, system-wide physical 16244M (2082M free)
TotalPageFile size 24244M (AvailPageFile size 21M)
current process WorkingSet (physical memory assigned to process): 434M, peak: 444M
current process commit charge ("private bytes"): 531M, peak: 542M

vm_info: OpenJDK 64-Bit Server VM (11.0.15+0-b2043.56-9505619) for windows-amd64 JRE (11.0.15+0-b2043.56-9505619), built on Jan 19 2023 02:48:00 by "builduser" with unknown MS VC++:1929

END.
